// Jest Snapshot v1, https://goo.gl/fbAQLP

exports[`Footer Footer - should create snapshot 1`] = `
<DocumentFragment>
  <div
    class="container"
  >
    <div
      class="row"
    >
      <div
        class="col"
      >
        <i>
          <small>
            Data updated: [Wed Mar 11 2020 19:18:44 GMT-0400 (EDT)] [
            <a
              href="#"
            >
              Clear Cache
            </a>
            ]
          </small>
        </i>
      </div>
      <div
        class="col"
      >
        <span
          class="float-right"
        >
          <i>
            <small>
              PbP events and roster info from 
              <a
                href="https://stats.ncaa.org"
                target="_blank"
              >
                stats.ncaa.org
              </a>
               and 
              <a
                href="https://collegebasketballdata.com"
                target="_blank"
              >
                collegebasketballdata.com
              </a>
            </small>
          </i>
        </span>
      </div>
    </div>
    <div
      class="row"
    >
      <div
        class="col"
      >
        <i>
          <small>
            It's a beta(-ish!), so let me know if you see anything weird: 
            <span>
              <a
                href="aHR0cHM6Ly90d2l0dGVyLmNvbS9JdHNBVGVycF9DQkI="
                target="_blank"
              >
                twitter
              </a>
               / 
            </span>
            <a
              href="bWFpbHRvOmhvb3AuZXhwbG9yZXJAZ21haWwuY29t"
              target="_blank"
            >
              email
            </a>
          </small>
        </i>
      </div>
      <div
        class="col"
      >
        <span
          class="float-right"
        >
          <i>
            <small>
              SoS stats with kind permission from 
              <a
                href="https://kenpom.com"
                target="_blank"
              >
                kenpom.com
              </a>
               and 
              <a
                href="https://herhoopstats.com"
                target="_blank"
              >
                herhoopstats.com
              </a>
            </small>
          </i>
        </span>
      </div>
    </div>
  </div>
</DocumentFragment>
`;
