// Jest Snapshot v1, https://goo.gl/fbAQLP

exports[`HeaderBar HeaderBar - should create snapshot (game) 1`] = `
<div
  className="container"
>
  <div
    className="border-top row"
  >
    <div
      className="text-center small col"
    >
      <div
        className="dropdown"
      >
        <a
          href=""
          onClick={[Function]}
        >
          <b>
            Teams
          </b>
            
          <svg
            aria-hidden="true"
            className="svg-inline--fa fa-angle-down "
            data-icon="angle-down"
            data-prefix="fas"
            focusable="false"
            role="img"
            style={Object {}}
            viewBox="0 0 448 512"
            xmlns="http://www.w3.org/2000/svg"
          >
            <path
              d="M201.4 374.6c12.5 12.5 32.8 12.5 45.3 0l160-160c12.5-12.5 12.5-32.8 0-45.3s-32.8-12.5-45.3 0L224 306.7 86.6 169.4c-12.5-12.5-32.8-12.5-45.3 0s-12.5 32.8 0 45.3l160 160z"
              fill="currentColor"
              style={Object {}}
            />
          </svg>
        </a>
      </div>
    </div>
    <div
      className="text-center small col"
    >
      <div
        className="dropdown"
      >
        <a
          href=""
          onClick={[Function]}
        >
          <b>
            Players
          </b>
            
          <svg
            aria-hidden="true"
            className="svg-inline--fa fa-angle-down "
            data-icon="angle-down"
            data-prefix="fas"
            focusable="false"
            role="img"
            style={Object {}}
            viewBox="0 0 448 512"
            xmlns="http://www.w3.org/2000/svg"
          >
            <path
              d="M201.4 374.6c12.5 12.5 32.8 12.5 45.3 0l160-160c12.5-12.5 12.5-32.8 0-45.3s-32.8-12.5-45.3 0L224 306.7 86.6 169.4c-12.5-12.5-32.8-12.5-45.3 0s-12.5 32.8 0 45.3l160 160z"
              fill="currentColor"
              style={Object {}}
            />
          </svg>
        </a>
      </div>
    </div>
    <div
      className="text-center small col"
    >
      <div
        className="dropdown"
      >
        <a
          href=""
          onClick={[Function]}
        >
          Lineups
            
          <svg
            aria-hidden="true"
            className="svg-inline--fa fa-angle-down "
            data-icon="angle-down"
            data-prefix="fas"
            focusable="false"
            role="img"
            style={Object {}}
            viewBox="0 0 448 512"
            xmlns="http://www.w3.org/2000/svg"
          >
            <path
              d="M201.4 374.6c12.5 12.5 32.8 12.5 45.3 0l160-160c12.5-12.5 12.5-32.8 0-45.3s-32.8-12.5-45.3 0L224 306.7 86.6 169.4c-12.5-12.5-32.8-12.5-45.3 0s-12.5 32.8 0 45.3l160 160z"
              fill="currentColor"
              style={Object {}}
            />
          </svg>
        </a>
      </div>
    </div>
    <div
      className="text-center small col"
    >
      <div
        className="dropdown"
      >
        <a
          href=""
          onClick={[Function]}
        >
          Games
            
          <svg
            aria-hidden="true"
            className="svg-inline--fa fa-angle-down "
            data-icon="angle-down"
            data-prefix="fas"
            focusable="false"
            role="img"
            style={Object {}}
            viewBox="0 0 448 512"
            xmlns="http://www.w3.org/2000/svg"
          >
            <path
              d="M201.4 374.6c12.5 12.5 32.8 12.5 45.3 0l160-160c12.5-12.5 12.5-32.8 0-45.3s-32.8-12.5-45.3 0L224 306.7 86.6 169.4c-12.5-12.5-32.8-12.5-45.3 0s-12.5 32.8 0 45.3l160 160z"
              fill="currentColor"
              style={Object {}}
            />
          </svg>
        </a>
      </div>
    </div>
    <div
      className="text-center small d-xl-none col"
    >
      <div
        className="dropdown"
      >
        <a
          href=""
          onClick={[Function]}
        >
          Other
            
          <svg
            aria-hidden="true"
            className="svg-inline--fa fa-angle-down "
            data-icon="angle-down"
            data-prefix="fas"
            focusable="false"
            role="img"
            style={Object {}}
            viewBox="0 0 448 512"
            xmlns="http://www.w3.org/2000/svg"
          >
            <path
              d="M201.4 374.6c12.5 12.5 32.8 12.5 45.3 0l160-160c12.5-12.5 12.5-32.8 0-45.3s-32.8-12.5-45.3 0L224 306.7 86.6 169.4c-12.5-12.5-32.8-12.5-45.3 0s-12.5 32.8 0 45.3l160 160z"
              fill="currentColor"
              style={Object {}}
            />
          </svg>
        </a>
      </div>
    </div>
    <div
      className="text-center small d-none d-xl-block col"
    >
      <div>
        <a
          href="https://hoop-explorer.blogspot.com/p/blog-page.html"
          target="_blank"
        >
          Docs...
        </a>
      </div>
    </div>
  </div>
</div>
`;

exports[`HeaderBar HeaderBar - should create snapshot (lineup) 1`] = `
<div
  className="container"
>
  <div
    className="border-top row"
  >
    <div
      className="text-center small col"
    >
      <div
        className="dropdown"
      >
        <a
          href=""
          onClick={[Function]}
        >
          Teams
            
          <svg
            aria-hidden="true"
            className="svg-inline--fa fa-angle-down "
            data-icon="angle-down"
            data-prefix="fas"
            focusable="false"
            role="img"
            style={Object {}}
            viewBox="0 0 448 512"
            xmlns="http://www.w3.org/2000/svg"
          >
            <path
              d="M201.4 374.6c12.5 12.5 32.8 12.5 45.3 0l160-160c12.5-12.5 12.5-32.8 0-45.3s-32.8-12.5-45.3 0L224 306.7 86.6 169.4c-12.5-12.5-32.8-12.5-45.3 0s-12.5 32.8 0 45.3l160 160z"
              fill="currentColor"
              style={Object {}}
            />
          </svg>
        </a>
      </div>
    </div>
    <div
      className="text-center small col"
    >
      <div
        className="dropdown"
      >
        <a
          href=""
          onClick={[Function]}
        >
          Players
            
          <svg
            aria-hidden="true"
            className="svg-inline--fa fa-angle-down "
            data-icon="angle-down"
            data-prefix="fas"
            focusable="false"
            role="img"
            style={Object {}}
            viewBox="0 0 448 512"
            xmlns="http://www.w3.org/2000/svg"
          >
            <path
              d="M201.4 374.6c12.5 12.5 32.8 12.5 45.3 0l160-160c12.5-12.5 12.5-32.8 0-45.3s-32.8-12.5-45.3 0L224 306.7 86.6 169.4c-12.5-12.5-32.8-12.5-45.3 0s-12.5 32.8 0 45.3l160 160z"
              fill="currentColor"
              style={Object {}}
            />
          </svg>
        </a>
      </div>
    </div>
    <div
      className="text-center small col"
    >
      <div
        className="dropdown"
      >
        <a
          href=""
          onClick={[Function]}
        >
          <b>
            Lineups
          </b>
            
          <svg
            aria-hidden="true"
            className="svg-inline--fa fa-angle-down "
            data-icon="angle-down"
            data-prefix="fas"
            focusable="false"
            role="img"
            style={Object {}}
            viewBox="0 0 448 512"
            xmlns="http://www.w3.org/2000/svg"
          >
            <path
              d="M201.4 374.6c12.5 12.5 32.8 12.5 45.3 0l160-160c12.5-12.5 12.5-32.8 0-45.3s-32.8-12.5-45.3 0L224 306.7 86.6 169.4c-12.5-12.5-32.8-12.5-45.3 0s-12.5 32.8 0 45.3l160 160z"
              fill="currentColor"
              style={Object {}}
            />
          </svg>
        </a>
      </div>
    </div>
    <div
      className="text-center small col"
    >
      <div
        className="dropdown"
      >
        <a
          href=""
          onClick={[Function]}
        >
          Games
            
          <svg
            aria-hidden="true"
            className="svg-inline--fa fa-angle-down "
            data-icon="angle-down"
            data-prefix="fas"
            focusable="false"
            role="img"
            style={Object {}}
            viewBox="0 0 448 512"
            xmlns="http://www.w3.org/2000/svg"
          >
            <path
              d="M201.4 374.6c12.5 12.5 32.8 12.5 45.3 0l160-160c12.5-12.5 12.5-32.8 0-45.3s-32.8-12.5-45.3 0L224 306.7 86.6 169.4c-12.5-12.5-32.8-12.5-45.3 0s-12.5 32.8 0 45.3l160 160z"
              fill="currentColor"
              style={Object {}}
            />
          </svg>
        </a>
      </div>
    </div>
    <div
      className="text-center small d-xl-none col"
    >
      <div
        className="dropdown"
      >
        <a
          href=""
          onClick={[Function]}
        >
          Other
            
          <svg
            aria-hidden="true"
            className="svg-inline--fa fa-angle-down "
            data-icon="angle-down"
            data-prefix="fas"
            focusable="false"
            role="img"
            style={Object {}}
            viewBox="0 0 448 512"
            xmlns="http://www.w3.org/2000/svg"
          >
            <path
              d="M201.4 374.6c12.5 12.5 32.8 12.5 45.3 0l160-160c12.5-12.5 12.5-32.8 0-45.3s-32.8-12.5-45.3 0L224 306.7 86.6 169.4c-12.5-12.5-32.8-12.5-45.3 0s-12.5 32.8 0 45.3l160 160z"
              fill="currentColor"
              style={Object {}}
            />
          </svg>
        </a>
      </div>
    </div>
    <div
      className="text-center small d-none d-xl-block col"
    >
      <div>
        <a
          href="https://hoop-explorer.blogspot.com/p/blog-page.html"
          target="_blank"
        >
          Docs...
        </a>
      </div>
    </div>
  </div>
</div>
`;

exports[`HeaderBar HeaderBar - should create snapshot (report) 1`] = `
<div
  className="container"
>
  <div
    className="border-top row"
  >
    <div
      className="text-center small col"
    >
      <div
        className="dropdown"
      >
        <a
          href=""
          onClick={[Function]}
        >
          Teams
            
          <svg
            aria-hidden="true"
            className="svg-inline--fa fa-angle-down "
            data-icon="angle-down"
            data-prefix="fas"
            focusable="false"
            role="img"
            style={Object {}}
            viewBox="0 0 448 512"
            xmlns="http://www.w3.org/2000/svg"
          >
            <path
              d="M201.4 374.6c12.5 12.5 32.8 12.5 45.3 0l160-160c12.5-12.5 12.5-32.8 0-45.3s-32.8-12.5-45.3 0L224 306.7 86.6 169.4c-12.5-12.5-32.8-12.5-45.3 0s-12.5 32.8 0 45.3l160 160z"
              fill="currentColor"
              style={Object {}}
            />
          </svg>
        </a>
      </div>
    </div>
    <div
      className="text-center small col"
    >
      <div
        className="dropdown"
      >
        <a
          href=""
          onClick={[Function]}
        >
          <b>
            Players
          </b>
            
          <svg
            aria-hidden="true"
            className="svg-inline--fa fa-angle-down "
            data-icon="angle-down"
            data-prefix="fas"
            focusable="false"
            role="img"
            style={Object {}}
            viewBox="0 0 448 512"
            xmlns="http://www.w3.org/2000/svg"
          >
            <path
              d="M201.4 374.6c12.5 12.5 32.8 12.5 45.3 0l160-160c12.5-12.5 12.5-32.8 0-45.3s-32.8-12.5-45.3 0L224 306.7 86.6 169.4c-12.5-12.5-32.8-12.5-45.3 0s-12.5 32.8 0 45.3l160 160z"
              fill="currentColor"
              style={Object {}}
            />
          </svg>
        </a>
      </div>
    </div>
    <div
      className="text-center small col"
    >
      <div
        className="dropdown"
      >
        <a
          href=""
          onClick={[Function]}
        >
          Lineups
            
          <svg
            aria-hidden="true"
            className="svg-inline--fa fa-angle-down "
            data-icon="angle-down"
            data-prefix="fas"
            focusable="false"
            role="img"
            style={Object {}}
            viewBox="0 0 448 512"
            xmlns="http://www.w3.org/2000/svg"
          >
            <path
              d="M201.4 374.6c12.5 12.5 32.8 12.5 45.3 0l160-160c12.5-12.5 12.5-32.8 0-45.3s-32.8-12.5-45.3 0L224 306.7 86.6 169.4c-12.5-12.5-32.8-12.5-45.3 0s-12.5 32.8 0 45.3l160 160z"
              fill="currentColor"
              style={Object {}}
            />
          </svg>
        </a>
      </div>
    </div>
    <div
      className="text-center small col"
    >
      <div
        className="dropdown"
      >
        <a
          href=""
          onClick={[Function]}
        >
          Games
            
          <svg
            aria-hidden="true"
            className="svg-inline--fa fa-angle-down "
            data-icon="angle-down"
            data-prefix="fas"
            focusable="false"
            role="img"
            style={Object {}}
            viewBox="0 0 448 512"
            xmlns="http://www.w3.org/2000/svg"
          >
            <path
              d="M201.4 374.6c12.5 12.5 32.8 12.5 45.3 0l160-160c12.5-12.5 12.5-32.8 0-45.3s-32.8-12.5-45.3 0L224 306.7 86.6 169.4c-12.5-12.5-32.8-12.5-45.3 0s-12.5 32.8 0 45.3l160 160z"
              fill="currentColor"
              style={Object {}}
            />
          </svg>
        </a>
      </div>
    </div>
    <div
      className="text-center small d-xl-none col"
    >
      <div
        className="dropdown"
      >
        <a
          href=""
          onClick={[Function]}
        >
          Other
            
          <svg
            aria-hidden="true"
            className="svg-inline--fa fa-angle-down "
            data-icon="angle-down"
            data-prefix="fas"
            focusable="false"
            role="img"
            style={Object {}}
            viewBox="0 0 448 512"
            xmlns="http://www.w3.org/2000/svg"
          >
            <path
              d="M201.4 374.6c12.5 12.5 32.8 12.5 45.3 0l160-160c12.5-12.5 12.5-32.8 0-45.3s-32.8-12.5-45.3 0L224 306.7 86.6 169.4c-12.5-12.5-32.8-12.5-45.3 0s-12.5 32.8 0 45.3l160 160z"
              fill="currentColor"
              style={Object {}}
            />
          </svg>
        </a>
      </div>
    </div>
    <div
      className="text-center small d-none d-xl-block col"
    >
      <div>
        <a
          href="https://hoop-explorer.blogspot.com/p/blog-page.html"
          target="_blank"
        >
          Docs...
        </a>
      </div>
    </div>
  </div>
</div>
`;
