// Jest Snapshot v1, https://goo.gl/fbAQLP

exports[`HeaderBar HeaderBar - should create snapshot (game) 1`] = `
<DocumentFragment>
  <div
    class="container"
  >
    <div
      class="border-top row"
    >
      <div
        class="text-center small col"
      >
        <div
          class="dropdown"
        >
          <a
            href=""
          >
            <b>
              Teams
            </b>
              
            <svg
              aria-hidden="true"
              class="svg-inline--fa fa-angle-down "
              data-icon="angle-down"
              data-prefix="fas"
              focusable="false"
              role="img"
              viewBox="0 0 448 512"
              xmlns="http://www.w3.org/2000/svg"
            >
              <path
                d="M201.4 374.6c12.5 12.5 32.8 12.5 45.3 0l160-160c12.5-12.5 12.5-32.8 0-45.3s-32.8-12.5-45.3 0L224 306.7 86.6 169.4c-12.5-12.5-32.8-12.5-45.3 0s-12.5 32.8 0 45.3l160 160z"
                fill="currentColor"
              />
            </svg>
          </a>
        </div>
      </div>
      <div
        class="text-center small col"
      >
        <div
          class="dropdown"
        >
          <a
            href=""
          >
            <b>
              Players
            </b>
              
            <svg
              aria-hidden="true"
              class="svg-inline--fa fa-angle-down "
              data-icon="angle-down"
              data-prefix="fas"
              focusable="false"
              role="img"
              viewBox="0 0 448 512"
              xmlns="http://www.w3.org/2000/svg"
            >
              <path
                d="M201.4 374.6c12.5 12.5 32.8 12.5 45.3 0l160-160c12.5-12.5 12.5-32.8 0-45.3s-32.8-12.5-45.3 0L224 306.7 86.6 169.4c-12.5-12.5-32.8-12.5-45.3 0s-12.5 32.8 0 45.3l160 160z"
                fill="currentColor"
              />
            </svg>
          </a>
        </div>
      </div>
      <div
        class="text-center small col"
      >
        <div
          class="dropdown"
        >
          <a
            href=""
          >
            Lineups  
            <svg
              aria-hidden="true"
              class="svg-inline--fa fa-angle-down "
              data-icon="angle-down"
              data-prefix="fas"
              focusable="false"
              role="img"
              viewBox="0 0 448 512"
              xmlns="http://www.w3.org/2000/svg"
            >
              <path
                d="M201.4 374.6c12.5 12.5 32.8 12.5 45.3 0l160-160c12.5-12.5 12.5-32.8 0-45.3s-32.8-12.5-45.3 0L224 306.7 86.6 169.4c-12.5-12.5-32.8-12.5-45.3 0s-12.5 32.8 0 45.3l160 160z"
                fill="currentColor"
              />
            </svg>
          </a>
        </div>
      </div>
      <div
        class="text-center small col"
      >
        <div
          class="dropdown"
        >
          <a
            href=""
          >
            Games  
            <svg
              aria-hidden="true"
              class="svg-inline--fa fa-angle-down "
              data-icon="angle-down"
              data-prefix="fas"
              focusable="false"
              role="img"
              viewBox="0 0 448 512"
              xmlns="http://www.w3.org/2000/svg"
            >
              <path
                d="M201.4 374.6c12.5 12.5 32.8 12.5 45.3 0l160-160c12.5-12.5 12.5-32.8 0-45.3s-32.8-12.5-45.3 0L224 306.7 86.6 169.4c-12.5-12.5-32.8-12.5-45.3 0s-12.5 32.8 0 45.3l160 160z"
                fill="currentColor"
              />
            </svg>
          </a>
        </div>
      </div>
      <div
        class="text-center small d-xl-none col"
      >
        <div
          class="dropdown"
        >
          <a
            href=""
          >
            Other  
            <svg
              aria-hidden="true"
              class="svg-inline--fa fa-angle-down "
              data-icon="angle-down"
              data-prefix="fas"
              focusable="false"
              role="img"
              viewBox="0 0 448 512"
              xmlns="http://www.w3.org/2000/svg"
            >
              <path
                d="M201.4 374.6c12.5 12.5 32.8 12.5 45.3 0l160-160c12.5-12.5 12.5-32.8 0-45.3s-32.8-12.5-45.3 0L224 306.7 86.6 169.4c-12.5-12.5-32.8-12.5-45.3 0s-12.5 32.8 0 45.3l160 160z"
                fill="currentColor"
              />
            </svg>
          </a>
        </div>
      </div>
      <div
        class="text-center small d-none d-xl-block col"
      >
        <div>
          <a
            href="https://hoop-explorer.blogspot.com/p/blog-page.html"
            target="_blank"
          >
            Docs...
          </a>
        </div>
      </div>
    </div>
  </div>
</DocumentFragment>
`;

exports[`HeaderBar HeaderBar - should create snapshot (lineup) 1`] = `
<DocumentFragment>
  <div
    class="container"
  >
    <div
      class="border-top row"
    >
      <div
        class="text-center small col"
      >
        <div
          class="dropdown"
        >
          <a
            href=""
          >
            Teams  
            <svg
              aria-hidden="true"
              class="svg-inline--fa fa-angle-down "
              data-icon="angle-down"
              data-prefix="fas"
              focusable="false"
              role="img"
              viewBox="0 0 448 512"
              xmlns="http://www.w3.org/2000/svg"
            >
              <path
                d="M201.4 374.6c12.5 12.5 32.8 12.5 45.3 0l160-160c12.5-12.5 12.5-32.8 0-45.3s-32.8-12.5-45.3 0L224 306.7 86.6 169.4c-12.5-12.5-32.8-12.5-45.3 0s-12.5 32.8 0 45.3l160 160z"
                fill="currentColor"
              />
            </svg>
          </a>
        </div>
      </div>
      <div
        class="text-center small col"
      >
        <div
          class="dropdown"
        >
          <a
            href=""
          >
            Players  
            <svg
              aria-hidden="true"
              class="svg-inline--fa fa-angle-down "
              data-icon="angle-down"
              data-prefix="fas"
              focusable="false"
              role="img"
              viewBox="0 0 448 512"
              xmlns="http://www.w3.org/2000/svg"
            >
              <path
                d="M201.4 374.6c12.5 12.5 32.8 12.5 45.3 0l160-160c12.5-12.5 12.5-32.8 0-45.3s-32.8-12.5-45.3 0L224 306.7 86.6 169.4c-12.5-12.5-32.8-12.5-45.3 0s-12.5 32.8 0 45.3l160 160z"
                fill="currentColor"
              />
            </svg>
          </a>
        </div>
      </div>
      <div
        class="text-center small col"
      >
        <div
          class="dropdown"
        >
          <a
            href=""
          >
            <b>
              Lineups
            </b>
              
            <svg
              aria-hidden="true"
              class="svg-inline--fa fa-angle-down "
              data-icon="angle-down"
              data-prefix="fas"
              focusable="false"
              role="img"
              viewBox="0 0 448 512"
              xmlns="http://www.w3.org/2000/svg"
            >
              <path
                d="M201.4 374.6c12.5 12.5 32.8 12.5 45.3 0l160-160c12.5-12.5 12.5-32.8 0-45.3s-32.8-12.5-45.3 0L224 306.7 86.6 169.4c-12.5-12.5-32.8-12.5-45.3 0s-12.5 32.8 0 45.3l160 160z"
                fill="currentColor"
              />
            </svg>
          </a>
        </div>
      </div>
      <div
        class="text-center small col"
      >
        <div
          class="dropdown"
        >
          <a
            href=""
          >
            Games  
            <svg
              aria-hidden="true"
              class="svg-inline--fa fa-angle-down "
              data-icon="angle-down"
              data-prefix="fas"
              focusable="false"
              role="img"
              viewBox="0 0 448 512"
              xmlns="http://www.w3.org/2000/svg"
            >
              <path
                d="M201.4 374.6c12.5 12.5 32.8 12.5 45.3 0l160-160c12.5-12.5 12.5-32.8 0-45.3s-32.8-12.5-45.3 0L224 306.7 86.6 169.4c-12.5-12.5-32.8-12.5-45.3 0s-12.5 32.8 0 45.3l160 160z"
                fill="currentColor"
              />
            </svg>
          </a>
        </div>
      </div>
      <div
        class="text-center small d-xl-none col"
      >
        <div
          class="dropdown"
        >
          <a
            href=""
          >
            Other  
            <svg
              aria-hidden="true"
              class="svg-inline--fa fa-angle-down "
              data-icon="angle-down"
              data-prefix="fas"
              focusable="false"
              role="img"
              viewBox="0 0 448 512"
              xmlns="http://www.w3.org/2000/svg"
            >
              <path
                d="M201.4 374.6c12.5 12.5 32.8 12.5 45.3 0l160-160c12.5-12.5 12.5-32.8 0-45.3s-32.8-12.5-45.3 0L224 306.7 86.6 169.4c-12.5-12.5-32.8-12.5-45.3 0s-12.5 32.8 0 45.3l160 160z"
                fill="currentColor"
              />
            </svg>
          </a>
        </div>
      </div>
      <div
        class="text-center small d-none d-xl-block col"
      >
        <div>
          <a
            href="https://hoop-explorer.blogspot.com/p/blog-page.html"
            target="_blank"
          >
            Docs...
          </a>
        </div>
      </div>
    </div>
  </div>
</DocumentFragment>
`;

exports[`HeaderBar HeaderBar - should create snapshot (report) 1`] = `
<DocumentFragment>
  <div
    class="container"
  >
    <div
      class="border-top row"
    >
      <div
        class="text-center small col"
      >
        <div
          class="dropdown"
        >
          <a
            href=""
          >
            Teams  
            <svg
              aria-hidden="true"
              class="svg-inline--fa fa-angle-down "
              data-icon="angle-down"
              data-prefix="fas"
              focusable="false"
              role="img"
              viewBox="0 0 448 512"
              xmlns="http://www.w3.org/2000/svg"
            >
              <path
                d="M201.4 374.6c12.5 12.5 32.8 12.5 45.3 0l160-160c12.5-12.5 12.5-32.8 0-45.3s-32.8-12.5-45.3 0L224 306.7 86.6 169.4c-12.5-12.5-32.8-12.5-45.3 0s-12.5 32.8 0 45.3l160 160z"
                fill="currentColor"
              />
            </svg>
          </a>
        </div>
      </div>
      <div
        class="text-center small col"
      >
        <div
          class="dropdown"
        >
          <a
            href=""
          >
            <b>
              Players
            </b>
              
            <svg
              aria-hidden="true"
              class="svg-inline--fa fa-angle-down "
              data-icon="angle-down"
              data-prefix="fas"
              focusable="false"
              role="img"
              viewBox="0 0 448 512"
              xmlns="http://www.w3.org/2000/svg"
            >
              <path
                d="M201.4 374.6c12.5 12.5 32.8 12.5 45.3 0l160-160c12.5-12.5 12.5-32.8 0-45.3s-32.8-12.5-45.3 0L224 306.7 86.6 169.4c-12.5-12.5-32.8-12.5-45.3 0s-12.5 32.8 0 45.3l160 160z"
                fill="currentColor"
              />
            </svg>
          </a>
        </div>
      </div>
      <div
        class="text-center small col"
      >
        <div
          class="dropdown"
        >
          <a
            href=""
          >
            Lineups  
            <svg
              aria-hidden="true"
              class="svg-inline--fa fa-angle-down "
              data-icon="angle-down"
              data-prefix="fas"
              focusable="false"
              role="img"
              viewBox="0 0 448 512"
              xmlns="http://www.w3.org/2000/svg"
            >
              <path
                d="M201.4 374.6c12.5 12.5 32.8 12.5 45.3 0l160-160c12.5-12.5 12.5-32.8 0-45.3s-32.8-12.5-45.3 0L224 306.7 86.6 169.4c-12.5-12.5-32.8-12.5-45.3 0s-12.5 32.8 0 45.3l160 160z"
                fill="currentColor"
              />
            </svg>
          </a>
        </div>
      </div>
      <div
        class="text-center small col"
      >
        <div
          class="dropdown"
        >
          <a
            href=""
          >
            Games  
            <svg
              aria-hidden="true"
              class="svg-inline--fa fa-angle-down "
              data-icon="angle-down"
              data-prefix="fas"
              focusable="false"
              role="img"
              viewBox="0 0 448 512"
              xmlns="http://www.w3.org/2000/svg"
            >
              <path
                d="M201.4 374.6c12.5 12.5 32.8 12.5 45.3 0l160-160c12.5-12.5 12.5-32.8 0-45.3s-32.8-12.5-45.3 0L224 306.7 86.6 169.4c-12.5-12.5-32.8-12.5-45.3 0s-12.5 32.8 0 45.3l160 160z"
                fill="currentColor"
              />
            </svg>
          </a>
        </div>
      </div>
      <div
        class="text-center small d-xl-none col"
      >
        <div
          class="dropdown"
        >
          <a
            href=""
          >
            Other  
            <svg
              aria-hidden="true"
              class="svg-inline--fa fa-angle-down "
              data-icon="angle-down"
              data-prefix="fas"
              focusable="false"
              role="img"
              viewBox="0 0 448 512"
              xmlns="http://www.w3.org/2000/svg"
            >
              <path
                d="M201.4 374.6c12.5 12.5 32.8 12.5 45.3 0l160-160c12.5-12.5 12.5-32.8 0-45.3s-32.8-12.5-45.3 0L224 306.7 86.6 169.4c-12.5-12.5-32.8-12.5-45.3 0s-12.5 32.8 0 45.3l160 160z"
                fill="currentColor"
              />
            </svg>
          </a>
        </div>
      </div>
      <div
        class="text-center small d-none d-xl-block col"
      >
        <div>
          <a
            href="https://hoop-explorer.blogspot.com/p/blog-page.html"
            target="_blank"
          >
            Docs...
          </a>
        </div>
      </div>
    </div>
  </div>
</DocumentFragment>
`;
