// Jest Snapshot v1, https://goo.gl/fbAQLP

exports[`ManualOverride ManualOverride - should create snapshot (not initialized at all) 1`] = `
<DocumentFragment>
  <div>
    <div />
  </div>
</DocumentFragment>
`;

exports[`ManualOverride ManualOverride - should create snapshot (pick first in list) 1`] = `
<DocumentFragment>
  <div>
    <div />
  </div>
</DocumentFragment>
`;

exports[`ManualOverride ManualOverride - should create snapshot (players and overrides, nothing selected) 1`] = `
<DocumentFragment>
  <div>
    <div />
  </div>
</DocumentFragment>
`;

exports[`ManualOverride ManualOverride - should create snapshot (players and overrides, one filtered player special case) 1`] = `
<DocumentFragment>
  <div>
    <div />
  </div>
</DocumentFragment>
`;

exports[`ManualOverride ManualOverride - should create snapshot (players and overrides, something selected) 1`] = `
<DocumentFragment>
  <div>
    <div />
  </div>
</DocumentFragment>
`;
