// Jest Snapshot v1, https://goo.gl/fbAQLP

exports[`DerivedStatsUtils DerivedStatsUtils.injectDerivedStats 1`] = `
Object {
  "def_blk": Object {
    "value": 0.11827007943512798,
  },
  "def_half": Object {
    "value": 0.7545500494232297,
  },
  "def_half_2p": Object {
    "value": 0.42577675489067895,
  },
  "def_half_3p": Object {
    "value": 0.3125,
  },
  "def_half_3pr": Object {
    "value": 0.38499646142958244,
  },
  "def_half_delta_ppp": Object {
    "value": -4.097871890660414,
  },
  "def_half_ftr": Object {
    "value": 0.18683651804670912,
  },
  "def_half_ppp": Object {
    "value": 91.9617148464852,
  },
  "def_half_to": Object {
    "value": 0.16621888902307919,
  },
  "def_scramble": Object {
    "value": 0.08527071563674632,
  },
  "def_scramble_2p": Object {
    "value": 0.4766355140186916,
  },
  "def_scramble_3p": Object {
    "value": 0.42857142857142855,
  },
  "def_scramble_3pr": Object {
    "value": 0.24647887323943662,
  },
  "def_scramble_delta_ppp": Object {
    "value": 8.196096883864556,
  },
  "def_scramble_ftr": Object {
    "value": 0.4507042253521127,
  },
  "def_scramble_per_orb": Object {
    "value": 0.583711708026543,
  },
  "def_scramble_ppp": Object {
    "value": 104.25568362101016,
  },
  "def_scramble_to": Object {
    "value": 0.14088605894731104,
  },
  "def_stk": Object {
    "value": 0.09325325211544962,
  },
  "def_stl": Object {
    "value": 0.06823642479577126,
  },
  "def_to_nonstl": Object {
    "value": 0.10619894281595386,
  },
  "def_trans": Object {
    "value": 0.19610764055742433,
  },
  "def_trans_2p": Object {
    "value": 0.5286624203821656,
  },
  "def_trans_3p": Object {
    "value": 0.35294117647058826,
  },
  "def_trans_3pr": Object {
    "value": 0.4311594202898551,
  },
  "def_trans_delta_ppp": Object {
    "value": -5.395533808941735,
  },
  "def_trans_ftr": Object {
    "value": 0.42028985507246375,
  },
  "def_trans_ppp": Object {
    "value": 90.66405292820387,
  },
  "def_trans_to": Object {
    "value": 0.18867924528301885,
  },
  "off_blk": Object {
    "value": 0.10901883052527254,
  },
  "off_half": Object {
    "value": 0.6963835534084439,
  },
  "off_half_2p": Object {
    "value": 0.44155844155844154,
  },
  "off_half_3p": Object {
    "value": 0.3132530120481928,
  },
  "off_half_3pr": Object {
    "value": 0.45604395604395603,
  },
  "off_half_delta_ppp": Object {
    "value": -8.168606042987534,
  },
  "off_half_ftr": Object {
    "value": 0.2904238618524333,
  },
  "off_half_ppp": Object {
    "value": 99.00520233447996,
  },
  "off_half_to": Object {
    "value": 0.16731326092838095,
  },
  "off_scramble": Object {
    "value": 0.10780838866433026,
  },
  "off_scramble_2p": Object {
    "value": 0.5755395683453237,
  },
  "off_scramble_3p": Object {
    "value": 0.28888888888888886,
  },
  "off_scramble_3pr": Object {
    "value": 0.24456521739130435,
  },
  "off_scramble_delta_ppp": Object {
    "value": 8.046930109156818,
  },
  "off_scramble_ftr": Object {
    "value": 0.47282608695652173,
  },
  "off_scramble_per_orb": Object {
    "value": 0.6415989205037649,
  },
  "off_scramble_ppp": Object {
    "value": 115.22073848662431,
  },
  "off_scramble_to": Object {
    "value": 0.12057984260228126,
  },
  "off_stk": Object {
    "value": 0.09543382546966564,
  },
  "off_stl": Object {
    "value": 0.08184882041405873,
  },
  "off_to_nonstl": Object {
    "value": 0.08762638420799229,
  },
  "off_trans": Object {
    "value": 0.24058738565238325,
  },
  "off_trans_2p": Object {
    "value": 0.6779661016949152,
  },
  "off_trans_3p": Object {
    "value": 0.30935251798561153,
  },
  "off_trans_3pr": Object {
    "value": 0.439873417721519,
  },
  "off_trans_delta_ppp": Object {
    "value": 0.0905502377016063,
  },
  "off_trans_ftr": Object {
    "value": 0.6708860759493671,
  },
  "off_trans_ppp": Object {
    "value": 107.2643586151691,
  },
  "off_trans_to": Object {
    "value": 0.16609965979587754,
  },
  "tempo": Object {
    "value": 83.16,
  },
  "total_def_half_2p_attempts": Object {
    "value": 869,
  },
  "total_def_half_2p_made": Object {
    "value": 370,
  },
  "total_def_half_3p": Object {
    "value": 0,
  },
  "total_def_half_3p_attempts": Object {
    "value": 544,
  },
  "total_def_half_3p_made": Object {
    "value": 170,
  },
  "total_def_half_fga": Object {
    "value": 1413,
  },
  "total_def_half_fta": Object {
    "value": 264,
  },
  "total_def_half_poss": Object {
    "value": 1570.218652849741,
  },
  "total_def_half_to": Object {
    "value": 261,
  },
  "total_off_half_2p_attempts": Object {
    "value": 693,
  },
  "total_off_half_2p_made": Object {
    "value": 306,
  },
  "total_off_half_3p": Object {
    "value": 0,
  },
  "total_off_half_3p_attempts": Object {
    "value": 581,
  },
  "total_off_half_3p_made": Object {
    "value": 182,
  },
  "total_off_half_fga": Object {
    "value": 1274,
  },
  "total_off_half_fta": Object {
    "value": 370,
  },
  "total_off_half_poss": Object {
    "value": 1446.388640429338,
  },
  "total_off_half_to": Object {
    "value": 242,
  },
}
`;
