// Jest Snapshot v1, https://goo.gl/fbAQLP

exports[`OnOffAnalyzerPage OnOffAnalyzerPage - should create snapshot 1`] = `
<Container
  className="medium_screen"
  fluid={false}
>
  <SiteModeDropdown />
  <Row
    className="mt-2"
    noGutters={false}
  >
    <Col
      className="text-center"
      xs={12}
    >
      <LandingPageIcon />
      <h3>
        Team / Roster Analysis Tool
      </h3>
    </Col>
  </Row>
  <Row
    noGutters={false}
  >
    <HeaderBar
      common={{}}
      thisPage="game-"
    />
  </Row>
  <Row
    noGutters={false}
  >
    <GenericCollapsibleCard
      helpLink="https://hoop-explorer.blogspot.com/2020/01/basic-and-advanced-queries-in-hoop.html"
      minimizeMargin={false}
      screenSize="medium_screen"
      summary="On/Off: 2025/26  (M): on:'', auto-off, base:''"
      title="Team and Game Filter"
    >
      <GameFilter
        forceReload1Up={0}
        key="0"
        onChangeState={[Function]}
        onStats={[Function]}
        onSwitchToAdvancedMode={[Function]}
        propKey={0}
        startingState={{}}
      />
    </GenericCollapsibleCard>
  </Row>
  <InternalNavBarInRow
    refs={
      {
        "Players": {
          "ref": {
            "current": null,
          },
        },
        "Roster Comp.": {
          "ref": {
            "current": null,
          },
        },
        "Teams": {
          "ref": {
            "current": null,
          },
        },
        "Top": {
          "ref": {
            "current": null,
          },
        },
      }
    }
    showAnnotations={true}
  />
  <Row
    noGutters={false}
    style={
      {
        "breakBefore": "page",
      }
    }
  >
    <GenericCollapsibleCard
      helpLink="https://hoop-explorer.blogspot.com/2025/08/team-lineup-stats-table-explanation.html"
      minimizeMargin={true}
      screenSize="medium_screen"
      title="Team Analysis"
    >
      <TeamStatsTable
        dataEvent={
          {
            "lineupStats": [],
            "playerShotStats": {
              "baseline": {},
              "off": {},
              "on": {},
              "other": [],
            },
            "rosterStats": {
              "baseline": [],
              "global": [],
              "off": [],
              "on": [],
              "other": [],
            },
            "shotStats": {
              "baseline": {
                "def": {},
                "off": {},
              },
              "off": {
                "def": {},
                "off": {},
              },
              "on": {
                "def": {},
                "off": {},
              },
            },
            "teamStats": {
              "baseline": {
                "doc_count": 0,
              },
              "global": {
                "doc_count": 0,
              },
              "off": {
                "doc_count": 0,
              },
              "on": {
                "doc_count": 0,
              },
            },
          }
        }
        gameFilterParams={{}}
        key="0"
        navigationRefs={
          {
            "otherRefs": [
              {
                "current": null,
              },
              {
                "current": null,
              },
              {
                "current": null,
              },
              {
                "current": null,
              },
              {
                "current": null,
              },
              {
                "current": null,
              },
              {
                "current": null,
              },
              {
                "current": null,
              },
              {
                "current": null,
              },
              {
                "current": null,
              },
              {
                "current": null,
              },
              {
                "current": null,
              },
              {
                "current": null,
              },
              {
                "current": null,
              },
              {
                "current": null,
              },
              {
                "current": null,
              },
              {
                "current": null,
              },
              {
                "current": null,
              },
              {
                "current": null,
              },
              {
                "current": null,
              },
            ],
            "refA": {
              "current": null,
            },
            "refB": {
              "current": null,
            },
            "refBase": {
              "current": null,
            },
            "refDiffs": {
              "current": null,
            },
          }
        }
        onChangeState={[Function]}
      />
    </GenericCollapsibleCard>
  </Row>
  <Row
    noGutters={false}
    style={
      {
        "breakBefore": "page",
      }
    }
  >
    <GenericCollapsibleCard
      helpLink="https://hoop-explorer.blogspot.com/2025/09/individual-stats-table-explanation.html"
      minimizeMargin={true}
      screenSize="medium_screen"
      title="Individual Analysis"
    >
      <RosterStatsTable
        dataEvent={
          {
            "lineupStats": [],
            "playerShotStats": {
              "baseline": {},
              "off": {},
              "on": {},
              "other": [],
            },
            "rosterStats": {
              "baseline": [],
              "global": [],
              "off": [],
              "on": [],
              "other": [],
            },
            "shotStats": {
              "baseline": {
                "def": {},
                "off": {},
              },
              "off": {
                "def": {},
                "off": {},
              },
              "on": {
                "def": {},
                "off": {},
              },
            },
            "teamStats": {
              "baseline": {
                "doc_count": 0,
              },
              "global": {
                "doc_count": 0,
              },
              "off": {
                "doc_count": 0,
              },
              "on": {
                "doc_count": 0,
              },
            },
          }
        }
        gameFilterParams={{}}
        key="0"
        onChangeState={[Function]}
      />
    </GenericCollapsibleCard>
  </Row>
  <Row
    noGutters={false}
    style={
      {
        "breakBefore": "page",
      }
    }
  >
    <GenericCollapsibleCard
      minimizeMargin={false}
      screenSize="medium_screen"
      title="Lineup Comparison"
    >
      <RosterCompareTable
        gameFilterParams={{}}
        rosterCompareStats={
          {
            "baseline": {},
            "off": {},
            "on": {},
          }
        }
      />
    </GenericCollapsibleCard>
  </Row>
  <Footer
    server="server"
  />
</Container>
`;
