// Jest Snapshot v1, https://goo.gl/fbAQLP

exports[`OnOffAnalyzerPage OnOffAnalyzerPage - should create snapshot 1`] = `
<Container
  className="medium_screen"
  fluid={false}
>
  <SiteModeDropdown />
  <Row
    className="mt-2"
    noGutters={false}
  >
    <Col
      className="text-center"
      xs={12}
    >
      <LandingPageIcon />
      <h3>
        Team / Roster Analysis Tool
      </h3>
    </Col>
  </Row>
  <Row
    noGutters={false}
  >
    <HeaderBar
      common={Object {}}
      thisPage="game-"
    />
  </Row>
  <Row
    noGutters={false}
  >
    <GenericCollapsibleCard
      helpLink="https://hoop-explorer.blogspot.com/2020/01/basic-and-advanced-queries-in-hoop.html"
      minimizeMargin={false}
      screenSize="medium_screen"
      summary="On/Off: 2025/26  (M): on:'', auto-off, base:''"
      title="Team and Game Filter"
    >
      <GameFilter
        forceReload1Up={0}
        key="0"
        onChangeState={[Function]}
        onStats={[Function]}
        onSwitchToAdvancedMode={[Function]}
        propKey={0}
        startingState={Object {}}
      />
    </GenericCollapsibleCard>
  </Row>
  <InternalNavBarInRow
    refs={
      Object {
        "Players": Object {
          "ref": Object {
            "current": null,
          },
        },
        "Roster Comp.": Object {
          "ref": Object {
            "current": null,
          },
        },
        "Teams": Object {
          "ref": Object {
            "current": null,
          },
        },
        "Top": Object {
          "ref": Object {
            "current": null,
          },
        },
      }
    }
    showAnnotations={true}
  />
  <Row
    noGutters={false}
  >
    <GenericCollapsibleCard
      helpLink="https://hoop-explorer.blogspot.com/2025/08/team-lineup-stats-table-explanation.html"
      minimizeMargin={true}
      screenSize="medium_screen"
      title="Team Analysis"
    >
      <TeamStatsTable
        dataEvent={
          Object {
            "lineupStats": Array [],
            "playerShotStats": Object {
              "baseline": Object {},
              "off": Object {},
              "on": Object {},
              "other": Array [],
            },
            "rosterStats": Object {
              "baseline": Array [],
              "global": Array [],
              "off": Array [],
              "on": Array [],
              "other": Array [],
            },
            "shotStats": Object {
              "baseline": Object {
                "def": Object {},
                "off": Object {},
              },
              "off": Object {
                "def": Object {},
                "off": Object {},
              },
              "on": Object {
                "def": Object {},
                "off": Object {},
              },
            },
            "teamStats": Object {
              "baseline": Object {
                "doc_count": 0,
              },
              "global": Object {
                "doc_count": 0,
              },
              "off": Object {
                "doc_count": 0,
              },
              "on": Object {
                "doc_count": 0,
              },
            },
          }
        }
        gameFilterParams={Object {}}
        key="0"
        navigationRefs={
          Object {
            "otherRefs": Array [
              Object {
                "current": null,
              },
              Object {
                "current": null,
              },
              Object {
                "current": null,
              },
              Object {
                "current": null,
              },
              Object {
                "current": null,
              },
              Object {
                "current": null,
              },
              Object {
                "current": null,
              },
              Object {
                "current": null,
              },
              Object {
                "current": null,
              },
              Object {
                "current": null,
              },
              Object {
                "current": null,
              },
              Object {
                "current": null,
              },
              Object {
                "current": null,
              },
              Object {
                "current": null,
              },
              Object {
                "current": null,
              },
              Object {
                "current": null,
              },
              Object {
                "current": null,
              },
              Object {
                "current": null,
              },
              Object {
                "current": null,
              },
              Object {
                "current": null,
              },
            ],
            "refA": Object {
              "current": null,
            },
            "refB": Object {
              "current": null,
            },
            "refBase": Object {
              "current": null,
            },
            "refDiffs": Object {
              "current": null,
            },
          }
        }
        onChangeState={[Function]}
      />
    </GenericCollapsibleCard>
  </Row>
  <Row
    noGutters={false}
  >
    <GenericCollapsibleCard
      helpLink="https://hoop-explorer.blogspot.com/2025/09/individual-stats-table-explanation.html"
      minimizeMargin={true}
      screenSize="medium_screen"
      title="Individual Analysis"
    >
      <RosterStatsTable
        dataEvent={
          Object {
            "lineupStats": Array [],
            "playerShotStats": Object {
              "baseline": Object {},
              "off": Object {},
              "on": Object {},
              "other": Array [],
            },
            "rosterStats": Object {
              "baseline": Array [],
              "global": Array [],
              "off": Array [],
              "on": Array [],
              "other": Array [],
            },
            "shotStats": Object {
              "baseline": Object {
                "def": Object {},
                "off": Object {},
              },
              "off": Object {
                "def": Object {},
                "off": Object {},
              },
              "on": Object {
                "def": Object {},
                "off": Object {},
              },
            },
            "teamStats": Object {
              "baseline": Object {
                "doc_count": 0,
              },
              "global": Object {
                "doc_count": 0,
              },
              "off": Object {
                "doc_count": 0,
              },
              "on": Object {
                "doc_count": 0,
              },
            },
          }
        }
        gameFilterParams={Object {}}
        key="0"
        onChangeState={[Function]}
      />
    </GenericCollapsibleCard>
  </Row>
  <Row
    noGutters={false}
  >
    <GenericCollapsibleCard
      minimizeMargin={false}
      screenSize="medium_screen"
      title="Lineup Comparison"
    >
      <RosterCompareTable
        gameFilterParams={Object {}}
        rosterCompareStats={
          Object {
            "baseline": Object {},
            "off": Object {},
            "on": Object {},
          }
        }
      />
    </GenericCollapsibleCard>
  </Row>
  <Footer
    server="server"
  />
</Container>
`;
