// Jest Snapshot v1, https://goo.gl/fbAQLP

exports[`TeamLeaderboardPage TeamLeaderboardPage - should create snapshot 1`] = `
<Container
  className="medium_screen"
  fluid={false}
>
  <SiteModeDropdown />
  <Row
    noGutters={false}
  >
    <Col
      className="text-center mt-2"
      xs={12}
    >
      <h3>
        Welcome to Hoop Explorer!
      </h3>
    </Col>
  </Row>
  <Row
    className="border-bottom"
    noGutters={false}
  >
    <HeaderBar
      common={
        Object {
          "gender": "Men",
          "team": "",
          "year": "2024/25",
        }
      }
      thisPage="home"
    />
  </Row>
  <Row
    className="mt-2"
    noGutters={false}
  >
    <Col
      className="text-center"
      xs={12}
    >
      <Card
        body={false}
        id="intro"
      >
        <CardBody>
          <OverlayTrigger
            overlay={
              <Tooltip
                id="close-tooltip"
                placement="right"
              >
                Hide the welcome message
              </Tooltip>
            }
            placement="top"
          >
            <CloseButton
              aria-label="Close"
              className="float-right"
              label="Close"
              onClick={[Function]}
              style={
                Object {
                  "marginTop": -15,
                }
              }
            />
          </OverlayTrigger>
          <CardText
            style={
              Object {
                "fontSize": "1.2rem",
              }
            }
          >
            <p>
              Created in 2019, Hoop Explorer is a free and open Web App intended for folks who want to, well, 
              <i>
                explore
              </i>
               college basketball stats ... one notch deeper than is possible with most other sites.
            </p>
            <p>
              It's used by college teams, NBA teams, Draft Twitter, sports bettors, analytics gurus, basketball journalists and bloggers, and (the group that includes me!) fans who enjoy digging into stats when there are no games to watch.
            </p>
            <span>
              The list below gives an idea of the different ways you can use Hoop Explorer both to get everything from high-level summaries of how teams play, through game reports with insights not found elsewhere, to the most detailed samples and splits you can imagine.
            </span>
          </CardText>
        </CardBody>
      </Card>
    </Col>
  </Row>
  <Row
    className="mt-2 mb-2"
    noGutters={false}
  >
    <Col
      className="text-center"
      style={
        Object {
          "position": "relative",
        }
      }
      xs={12}
    >
      <div
        style={
          Object {
            "position": "absolute",
            "right": 20,
          }
        }
      >
        <br
          className="d-block d-md-none"
        />
      </div>
      <p
        style={
          Object {
            "display": "inline-block",
          }
        }
      >
        <b>
          Currently selected team
        </b>
        :
         
        <OverlayTrigger
          overlay={
            <Tooltip
              id="team-select-tooltip"
              placement="right"
            >
              (Optional) select a team-season to use when following any of the links below
            </Tooltip>
          }
          placement="top"
        >
          <a
            href="#"
            onClick={[Function]}
          >
            Select Here
          </a>
        </OverlayTrigger>
      </p>
    </Col>
  </Row>
  <Row
    noGutters={false}
  >
    <Col
      className="text-center"
      xs={12}
    >
      <ToggleButtonGroup
        items={
          Array [
            Object {
              "label": "All",
              "onClick": [Function],
              "toggled": true,
              "tooltip": "Show all topic cards",
            },
            Object {
              "isLabelOnly": true,
              "label": "| ",
              "onClick": [Function],
              "toggled": false,
              "tooltip": "",
            },
            Object {
              "label": "Teams",
              "onClick": [Function],
              "toggled": false,
              "tooltip": "Show/hide topic cards related to Teams",
            },
            Object {
              "label": "Players",
              "onClick": [Function],
              "toggled": false,
              "tooltip": "Show/hide topic cards related to Players",
            },
            Object {
              "label": "Lineups",
              "onClick": [Function],
              "toggled": false,
              "tooltip": "Show/hide topic cards related to Lineups",
            },
            Object {
              "label": "Games",
              "onClick": [Function],
              "toggled": false,
              "tooltip": "Show/hide topic cards related to Games",
            },
            Object {
              "isLabelOnly": true,
              "label": "| ",
              "onClick": [Function],
              "toggled": false,
              "tooltip": "",
            },
            Object {
              "label": "Leaderboards",
              "onClick": [Function],
              "toggled": false,
              "tooltip": "Show/hide topic cards related to Leaderboards",
            },
            Object {
              "label": "RAPM",
              "onClick": [Function],
              "toggled": false,
              "tooltip": "Show/hide topic cards related to RAPM",
            },
            Object {
              "label": "On-Off",
              "onClick": [Function],
              "toggled": false,
              "tooltip": "Show/hide topic cards related to On-Off",
            },
            Object {
              "label": "Splits",
              "onClick": [Function],
              "toggled": false,
              "tooltip": "Show/hide topic cards related to Splits",
            },
            Object {
              "label": "CSV Export",
              "onClick": [Function],
              "toggled": false,
              "tooltip": "Show/hide topic cards related to CSV Export",
            },
            Object {
              "label": "Off-Season",
              "onClick": [Function],
              "toggled": false,
              "tooltip": "Show/hide topic cards related to Off-Season",
            },
            Object {
              "label": "Multi-Year",
              "onClick": [Function],
              "toggled": false,
              "tooltip": "Show/hide topic cards related to Multi-Year",
            },
            Object {
              "isLabelOnly": true,
              "label": "| ",
              "onClick": [Function],
              "toggled": false,
              "tooltip": "",
            },
            Object {
              "label": "Shot Charts",
              "onClick": [Function],
              "toggled": false,
              "tooltip": "Show/hide topic cards related to Shot Charts",
            },
            Object {
              "label": "Play Types",
              "onClick": [Function],
              "toggled": false,
              "tooltip": "Show/hide topic cards related to Play Types",
            },
          ]
        }
        labelOverride="Topic Filter: "
      />
    </Col>
  </Row>
  <Row
    className="g-4 mb-4"
    lg={2}
    md={1}
    noGutters={false}
    sm={1}
    xl={3}
    xs={1}
  >
    <TopicFilteredCard
      hide={true}
      topics={
        Array [
          "Examples",
          "Teams",
          "Players",
          "Lineups",
          "Games",
          "RAPM",
          "On-Off",
          "Splits",
          "CSV Export",
          "Shot Charts",
          "Play Types",
          "Misc Charts",
        ]
      }
    >
      <Col
        className="mt-2"
      >
        <Card
          body={false}
        >
          <CardBody>
            <CardTitle>
              Practical Examples
            </CardTitle>
            <CardText>
              Some screenshots / descriptions / links of Hoop Explorer uses in the wild.
              <br />
              <br />
              Have a browse to get an idea of some of the features!
            </CardText>
          </CardBody>
        </Card>
      </Col>
    </TopicFilteredCard>
    <TopicFilteredCard
      hide={false}
      topics={
        Array [
          "Off-Season",
          "Teams",
          "Leaderboards",
        ]
      }
    >
      <Col
        className="mt-2"
      >
        <Card
          body={false}
        >
          <CardBody>
            <CardTitle>
              Off-Season Predictions / Analysis
            </CardTitle>
            <CardText>
              Check out Hoop Explorer's very simple off-season predictions
               
              <small>
                (please don't be mad at me.)
              </small>
              <br />
              <br />
              A key point is that I show in detail how they are constructed and let you play with them to fix the bits you don't like.
            </CardText>
            <CardLink
              href="#"
              onClick={[Function]}
            >
              <u>
                More Details
              </u>
            </CardLink>
            <CardLink
              href="/OffseasonLeaderboard?gender=Men&year=2024%2F25&"
              target="_blank"
            >
              <b>
                Just take me to the predictions!
              </b>
            </CardLink>
          </CardBody>
        </Card>
      </Col>
    </TopicFilteredCard>
    <TopicFilteredCard
      topics={
        Array [
          "Play Types",
          "Teams",
          "Players",
          "Games",
          "Leaderboards",
          "Splits",
          "On-Off",
        ]
      }
    >
      <Col
        className="mt-2"
      >
        <Card
          body={false}
        >
          <CardBody>
            <CardTitle>
              Play Type / Style Analysis
            </CardTitle>
            <CardText>
              Maybe Hoop Explorer's most unique feature - break down a team or player's offense or defense into intuitive "style" categories ("Post-Up", "Transition", "Perimeter Sniper", etc)
              <br />
              <br />
              Accesible from lots of pages - see "More Details".
            </CardText>
            <CardLink
              href="#"
              onClick={[Function]}
            >
              <u>
                More Details
              </u>
            </CardLink>
            <CardLink
              href="/TeamStatsExplorer?gender=Men&maxTableSize=10&showPlayStyles=true&year=2024%2F25&"
              target="_blank"
            >
              <b>
                Show Me For The Top 10 Teams!
              </b>
            </CardLink>
          </CardBody>
        </Card>
      </Col>
    </TopicFilteredCard>
    <TopicFilteredCard
      topics={
        Array [
          "Players",
          "Leaderboards",
          "RAPM",
          "CSV Export",
          "Multi-Year",
          "Shot Charts",
          "Play Types",
        ]
      }
    >
      <Col
        className="mt-2"
      >
        <Card
          body={false}
        >
          <CardBody>
            <CardTitle>
              Player Leaderboards
            </CardTitle>
            <CardText>
              See all qualifying players sorted by various stats (eg the all-in-one production stat called RAPM)
              <br />
              <br />
              And lots and lots of options for sorting, filtering, visualizing, and exporting the data.
            </CardText>
            <CardLink
              href="/PlayerLeaderboard?gender=Men&year=2024%2F25&"
              target="_blank"
            >
              <b>
                Just take me to the leaderboard!
              </b>
            </CardLink>
          </CardBody>
        </Card>
      </Col>
    </TopicFilteredCard>
    <TopicFilteredCard
      topics={
        Array [
          "Teams",
          "Leaderboards",
          "CSV Export",
          "Multi-Year",
          "Shot Charts",
          "Play Types",
        ]
      }
    >
      <Col
        className="mt-2"
      >
        <Card
          body={false}
        >
          <CardBody>
            <CardTitle>
              Multi Team Stats Explorer
            </CardTitle>
            <CardText>
              Team-focused, conference-adjusted team efficiency stats.
              <br />
              <br />
              Sort by Adjusted Efficiency Margin, Offensive Efficiency, or Defensive Efficiency, Play Style; see shooting stats, turnover percentages, etc.
            </CardText>
            <CardLink
              href="/TeamStatsExplorer?gender=Men&year=2024%2F25&"
              target="_blank"
            >
              <b>
                Straight to the page!
              </b>
            </CardLink>
          </CardBody>
        </Card>
      </Col>
    </TopicFilteredCard>
    <TopicFilteredCard
      topics={
        Array [
          "Teams",
          "Players",
          "Splits",
          "Shot Charts",
          "On-Off",
          "Play Types",
          "RAPM",
        ]
      }
    >
      <Col
        className="mt-2"
      >
        <Card
          body={false}
        >
          <CardBody>
            <CardTitle>
              Team And Roster Analysis / Splits
            </CardTitle>
            <CardText>
              The classic "KenPom"-like page showing team Adjusted Efficiency, 4-factors, etc and player offensive/defensive ratings, shooting stats, etc...
              <br />
              <br />
              ... And a lot more: Filters! Splits! Style! Shot Charts! etc
            </CardText>
            <CardLink
              href="#"
              onClick={[Function]}
            >
              <b>
                I'm Sold! Let's Go...
              </b>
            </CardLink>
            <CardLink
              href="#"
              onClick={[Function]}
            >
              <text>
                (Advanced View...)
              </text>
            </CardLink>
          </CardBody>
        </Card>
      </Col>
    </TopicFilteredCard>
    <TopicFilteredCard
      topics={
        Array [
          "Lineups",
          "Leaderboards",
          "CSV Export",
          "Multi Year",
        ]
      }
    >
      <Col
        className="mt-2"
      >
        <Card
          body={false}
        >
          <CardBody>
            <CardTitle>
              Team Lineup Analysis
            </CardTitle>
            <CardText>
              All sorts of metrics about the different lineups played by the selected team.
              <br />
              <br />
              The best bit is the ability to combine stats for lineups, based on various groupings (frontcourt, backcourt, etc).
            </CardText>
            <CardLink
              href="#"
              onClick={[Function]}
            >
              <b>
                Team Page...
              </b>
            </CardLink>
            <CardLink
              href="/LineupLeaderboard?gender=Men&tier=All&year=2024%2F25&"
              target="_blank"
            >
              Leaderboard...
            </CardLink>
          </CardBody>
        </Card>
      </Col>
    </TopicFilteredCard>
    <TopicFilteredCard
      topics={
        Array [
          "Shot Charts",
          "Teams",
          "Players",
          "Leaderboards",
          "Splits",
          "On-Off",
        ]
      }
    >
      <Col
        className="mt-2"
      >
        <Card
          body={false}
        >
          <CardBody>
            <CardTitle>
              Shot Charts
            </CardTitle>
            <CardText>
              Many pages allow you to view a hex map of team or player shots, showing frequency and efficiency vs D1 averages.
              <br />
              <br />
              Accessible from lots of pages - see "More Details". Particularly interesting with filters and splits!
            </CardText>
            <CardLink
              href="#"
              onClick={[Function]}
            >
              <u>
                More Details
              </u>
            </CardLink>
            <CardLink
              href="/PlayerLeaderboard?gender=Men&maxTableSize=50&shotCharts=true&year=2024%2F25&"
              target="_blank"
            >
              <b>
                Show Me For The Top 50 Players!
              </b>
            </CardLink>
          </CardBody>
        </Card>
      </Col>
    </TopicFilteredCard>
    <TopicFilteredCard
      topics={
        Array [
          "Games",
          "Players",
          "Lineups",
          "Play Types",
          "Shot Charts",
          "CSV Export",
          "RAPM",
        ]
      }
    >
      <Col
        className="mt-2"
      >
        <Card
          body={false}
        >
          <CardBody>
            <CardTitle>
              Game Reports
            </CardTitle>
            <CardText>
              Advanced game analytics you won't find elsewhere:
              <ul>
                <li>
                  Single game player offensive and defensive impact
                </li>
                <li>
                  Time series charts showing lineups
                </li>
                <li>
                  A style breakdown for each team
                </li>
              </ul>
            </CardText>
            <CardLink
              href="/MatchupAnalyzer?gender=Men&team=&year=2024%2F25&"
              target="_blank"
            >
              <b>
                Straight to the page!
              </b>
            </CardLink>
          </CardBody>
        </Card>
      </Col>
    </TopicFilteredCard>
    <TopicFilteredCard
      topics={
        Array [
          "Games",
          "Players",
          "Play Types",
          "Shot Charts",
          "CSV Export",
          "RAPM",
        ]
      }
    >
      <Col
        className="mt-2"
      >
        <Card
          body={false}
        >
          <CardBody>
            <CardTitle>
              Game Previews
            </CardTitle>
            <CardText>
              Advanced match-up analytics between any two teams in D1, with charts showing:
              <ul>
                <li>
                  Players' offensive and defensive impact
                </li>
                <li>
                  A breakdown of offense vs defense style matchups
                </li>
                <li>
                  Shot charts
                </li>
              </ul>
            </CardText>
            <CardLink
              href="/MatchupPreviewAnalyzer?gender=Men&team=&year=2024%2F25&"
              target="_blank"
            >
              <b>
                Straight to the page!
              </b>
            </CardLink>
          </CardBody>
        </Card>
      </Col>
    </TopicFilteredCard>
    <TopicFilteredCard
      topics={
        Array [
          "Players",
          "On-Off",
          "RAPM",
          "Splits",
        ]
      }
    >
      <Col
        className="mt-2"
      >
        <Card
          body={false}
        >
          <CardBody>
            <CardTitle>
              Team On-Off
            </CardTitle>
            <CardText>
              See how the team stats vary with 
              <i>
                each
              </i>
               player on/off the court. (Unlike the Splits Analysis page which shows you more detailed stats but for a selected player on/off)
              <br />
              <br />
              Also provides a more detailed breakdown of players' RAPM metric into 4-factors etc components.
            </CardText>
            <CardLink
              href="#"
              onClick={[Function]}
            >
              <b>
                Straight to the page!
              </b>
            </CardLink>
          </CardBody>
        </Card>
      </Col>
    </TopicFilteredCard>
    <TopicFilteredCard
      hide={false}
      topics={
        Array [
          "Players",
          "Multi-Year",
          "RAPM",
          "CSV Export",
        ]
      }
    >
      <Col
        className="mt-2"
      >
        <Card
          body={false}
        >
          <CardBody>
            <CardTitle>
              X-Season Player Charts
            </CardTitle>
            <CardText>
              Build Your Own Visualization of how player stats are related, or explore one of our built-in charts.
              <br />
              <br />
              A key feature of this page is that each "player season" data set contains both their current and previous seasons, so you can ask questions like "how did they improve"?
            </CardText>
            <CardLink
              href="/PlayerSeasonComparison?gender=Men&year=2024%2F25&"
              target="_blank"
            >
              <b>
                Let's Go Charting!
              </b>
            </CardLink>
          </CardBody>
        </Card>
      </Col>
    </TopicFilteredCard>
    <TopicFilteredCard
      topics={
        Array [
          "Teams",
          "Leaderboards",
        ]
      }
    >
      <Col
        className="mt-2"
      >
        <Card
          body={false}
        >
          <CardBody>
            <CardTitle>
              Build Your Own T25
            </CardTitle>
            <CardText>
              The only team ranking 
              <b>
                you
              </b>
               control! What matters to you most - Wins? Efficiency? Dominance? Recency?
              <br />
              <br />
              Pick the weights you want and see how the teams stack up...
            </CardText>
            <CardLink
              href="/TeamLeaderboardPage?gender=Men&year=2024%2F25&"
              target="_blank"
            >
              <b>
                Just take me to the leaderboard!
              </b>
            </CardLink>
          </CardBody>
        </Card>
      </Col>
    </TopicFilteredCard>
  </Row>
  <Footer
    gender="Men"
    server="server"
    year="2024/25"
  />
  <LandingPageSelectModal
    gender="Men"
    onClear={[Function]}
    onHide={[Function]}
    onSave={[Function]}
    show={false}
    team=""
    year="2024/25"
  />
</Container>
`;
