// Jest Snapshot v1, https://goo.gl/fbAQLP

exports[`TeamExtraStatsInfoView TeamExtraStatsInfoView - should create snapshot 1`] = `
<DocumentFragment>
  <span>
    <b>
      Extra stats info for [test]
    </b>
    <br />
    <br />
    <div
      class="float-left container-fluid"
    >
      <div
        class="row"
      >
        <div
          class="col-xl-7 col-lg-8 col-sm-12 col-8"
        >
          <span>
            Play type stats:
          </span>
          <div
            class="table-responsive"
          >
            <table
              class="table table-sm"
              id="playTypeStats_test"
            >
              <thead>
                <tr>
                  <th
                    style="text-align: right; width: 29.1%; font-weight: bold;"
                  >
                    <div>
                      <button
                        class="float-left btn btn-outline-secondary btn-sm"
                        id="playTypeStats_test_copy"
                        type="button"
                      >
                        <svg
                          aria-hidden="true"
                          class="svg-inline--fa fa-clipboard "
                          data-icon="clipboard"
                          data-prefix="fas"
                          focusable="false"
                          role="img"
                          viewBox="0 0 384 512"
                          xmlns="http://www.w3.org/2000/svg"
                        >
                          <path
                            d="M192 0c-41.8 0-77.4 26.7-90.5 64L64 64C28.7 64 0 92.7 0 128L0 448c0 35.3 28.7 64 64 64l256 0c35.3 0 64-28.7 64-64l0-320c0-35.3-28.7-64-64-64l-37.5 0C269.4 26.7 233.8 0 192 0zm0 64a32 32 0 1 1 0 64 32 32 0 1 1 0-64zM112 192l160 0c8.8 0 16 7.2 16 16s-7.2 16-16 16l-160 0c-8.8 0-16-7.2-16-16s7.2-16 16-16z"
                            fill="currentColor"
                          />
                        </svg>
                      </button>
                    </div>
                  </th>
                  <th
                    style="text-align: center; width: 1.8%; font-weight: bold;"
                  />
                  <th
                    style="text-align: center; width: 7.3%; font-weight: bold;"
                  >
                    <div>
                      <span>
                        %
                      </span>
                    </div>
                  </th>
                  <th
                    style="text-align: center; width: 7.3%; font-weight: bold;"
                  >
                    <div>
                      <span>
                        %ORB
                      </span>
                    </div>
                  </th>
                  <th
                    style="text-align: center; width: 7.3%; font-weight: bold;"
                  >
                    <div>
                      <span>
                        P/100
                      </span>
                    </div>
                  </th>
                  <th
                    style="text-align: center; width: 7.3%; font-weight: bold;"
                  >
                    <div>
                      <span>
                        <span>
                          Δ/100
                        </span>
                      </span>
                    </div>
                  </th>
                  <th
                    style="text-align: center; width: 1.8%; font-weight: bold;"
                  />
                  <th
                    style="text-align: center; width: 7.3%; font-weight: bold;"
                  >
                    <div>
                      <span>
                        TO%
                      </span>
                    </div>
                  </th>
                  <th
                    style="text-align: center; width: 7.3%; font-weight: bold;"
                  >
                    <div>
                      <span>
                        FTR
                      </span>
                    </div>
                  </th>
                  <th
                    style="text-align: center; width: 7.3%; font-weight: bold;"
                  >
                    <div>
                      <span>
                        3PR
                      </span>
                    </div>
                  </th>
                  <th
                    style="text-align: center; width: 1.8%; font-weight: bold;"
                  />
                  <th
                    style="text-align: center; width: 7.3%; font-weight: bold;"
                  >
                    <div>
                      <span>
                        3P%
                      </span>
                    </div>
                  </th>
                  <th
                    style="text-align: center; width: 7.3%; font-weight: bold;"
                  >
                    <div>
                      <span>
                        2P%
                      </span>
                    </div>
                  </th>
                </tr>
              </thead>
              <tbody>
                <tr>
                  <td
                    class=" square-bg-cell"
                    colspan="1"
                    rowspan="1"
                    style="text-align: right; width: 29.1%; font-weight: bold; vertical-align: middle; color: rgb(82, 82, 82);"
                  >
                    <div
                      style="position: relative; z-index: 1;"
                    >
                      <div>
                        Half-Court Offense
                      </div>
                    </div>
                  </td>
                  <td
                    class=" square-bg-cell"
                    colspan="1"
                    rowspan="1"
                    style="text-align: center; width: 1.8%; font-weight: normal; vertical-align: middle; color: rgb(82, 82, 82);"
                  >
                    <div
                      style="position: relative; z-index: 1;"
                    >
                      <div />
                    </div>
                  </td>
                  <td
                    class=" square-bg-cell"
                    colspan="1"
                    rowspan="1"
                    style="text-align: center; width: 7.3%; font-weight: normal; vertical-align: middle; color: rgb(82, 82, 82);"
                  >
                    <div
                      style="position: relative; z-index: 1;"
                    >
                      <div>
                        69.6
                      </div>
                    </div>
                  </td>
                  <td
                    class=" square-bg-cell"
                    colspan="1"
                    rowspan="1"
                    style="text-align: center; width: 7.3%; font-weight: normal; vertical-align: middle; color: rgb(82, 82, 82);"
                  >
                    <div
                      style="position: relative; z-index: 1;"
                    >
                      <div />
                    </div>
                  </td>
                  <td
                    class=" square-bg-cell"
                    colspan="1"
                    rowspan="1"
                    style="text-align: center; width: 7.3%; font-weight: normal; --cell-bg: #fff2f2; vertical-align: middle; color: black;"
                  >
                    <div
                      style="position: relative; z-index: 1;"
                    >
                      <div>
                        99.0
                      </div>
                    </div>
                  </td>
                  <td
                    class=" square-bg-cell"
                    colspan="1"
                    rowspan="1"
                    style="text-align: center; width: 7.3%; font-weight: normal; --cell-bg: #ffc3c3; vertical-align: middle; color: black;"
                  >
                    <div
                      style="position: relative; z-index: 1;"
                    >
                      <div>
                        -8.2
                      </div>
                    </div>
                  </td>
                  <td
                    class=" square-bg-cell"
                    colspan="1"
                    rowspan="1"
                    style="text-align: center; width: 1.8%; font-weight: normal; vertical-align: middle; color: rgb(82, 82, 82);"
                  >
                    <div
                      style="position: relative; z-index: 1;"
                    >
                      <div />
                    </div>
                  </td>
                  <td
                    class=" square-bg-cell"
                    colspan="1"
                    rowspan="1"
                    style="text-align: center; width: 7.3%; font-weight: normal; --cell-bg: #ffe0e0; vertical-align: middle; color: black;"
                  >
                    <div
                      style="position: relative; z-index: 1;"
                    >
                      <div>
                        16.7
                      </div>
                    </div>
                  </td>
                  <td
                    class=" square-bg-cell"
                    colspan="1"
                    rowspan="1"
                    style="text-align: center; width: 7.3%; font-weight: normal; --cell-bg: #ffe7e7; vertical-align: middle; color: black;"
                  >
                    <div
                      style="position: relative; z-index: 1;"
                    >
                      <div>
                        29.0
                      </div>
                    </div>
                  </td>
                  <td
                    class=" square-bg-cell"
                    colspan="1"
                    rowspan="1"
                    style="text-align: center; width: 7.3%; font-weight: normal; --cell-bg: #ffbc42; vertical-align: middle; color: black;"
                  >
                    <div
                      style="position: relative; z-index: 1;"
                    >
                      <div>
                        45.6
                      </div>
                    </div>
                  </td>
                  <td
                    class=" square-bg-cell"
                    colspan="1"
                    rowspan="1"
                    style="text-align: center; width: 1.8%; font-weight: normal; vertical-align: middle; color: rgb(82, 82, 82);"
                  >
                    <div
                      style="position: relative; z-index: 1;"
                    >
                      <div />
                    </div>
                  </td>
                  <td
                    class=" square-bg-cell"
                    colspan="1"
                    rowspan="1"
                    style="text-align: center; width: 7.3%; font-weight: normal; --cell-bg: #ffc2c2; vertical-align: middle; color: black;"
                  >
                    <div
                      style="position: relative; z-index: 1;"
                    >
                      <div>
                        31.3
                      </div>
                    </div>
                  </td>
                  <td
                    class=" square-bg-cell"
                    colspan="1"
                    rowspan="1"
                    style="text-align: center; width: 7.3%; font-weight: normal; --cell-bg: #ff6a6a; vertical-align: middle; color: black;"
                  >
                    <div
                      style="position: relative; z-index: 1;"
                    >
                      <div>
                        44.2
                      </div>
                    </div>
                  </td>
                </tr>
                <tr>
                  <td
                    class=" square-bg-cell"
                    colspan="1"
                    rowspan="1"
                    style="text-align: right; width: 29.1%; font-weight: bold; vertical-align: middle; color: rgb(82, 82, 82);"
                  >
                    <div
                      style="position: relative; z-index: 1;"
                    >
                      <div>
                        Transition Offense
                      </div>
                    </div>
                  </td>
                  <td
                    class=" square-bg-cell"
                    colspan="1"
                    rowspan="1"
                    style="text-align: center; width: 1.8%; font-weight: normal; vertical-align: middle; color: rgb(82, 82, 82);"
                  >
                    <div
                      style="position: relative; z-index: 1;"
                    >
                      <div />
                    </div>
                  </td>
                  <td
                    class=" square-bg-cell"
                    colspan="1"
                    rowspan="1"
                    style="text-align: center; width: 7.3%; font-weight: normal; --cell-bg: #ffa500; vertical-align: middle; color: black;"
                  >
                    <div
                      style="position: relative; z-index: 1;"
                    >
                      <div>
                        24.1
                      </div>
                    </div>
                  </td>
                  <td
                    class=" square-bg-cell"
                    colspan="1"
                    rowspan="1"
                    style="text-align: center; width: 7.3%; font-weight: normal; --cell-bg: #2b952b; vertical-align: middle; color: black;"
                  >
                    <div
                      style="position: relative; z-index: 1;"
                    >
                      <div>
                        91.6
                      </div>
                    </div>
                  </td>
                  <td
                    class=" square-bg-cell"
                    colspan="1"
                    rowspan="1"
                    style="text-align: center; width: 7.3%; font-weight: normal; --cell-bg: #a2d1a2; vertical-align: middle; color: black;"
                  >
                    <div
                      style="position: relative; z-index: 1;"
                    >
                      <div>
                        107.3
                      </div>
                    </div>
                  </td>
                  <td
                    class=" square-bg-cell"
                    colspan="1"
                    rowspan="1"
                    style="text-align: center; width: 7.3%; font-weight: normal; --cell-bg: #fefffe; vertical-align: middle; color: black;"
                  >
                    <div
                      style="position: relative; z-index: 1;"
                    >
                      <div>
                        0.1
                      </div>
                    </div>
                  </td>
                  <td
                    class=" square-bg-cell"
                    colspan="1"
                    rowspan="1"
                    style="text-align: center; width: 1.8%; font-weight: normal; vertical-align: middle; color: rgb(82, 82, 82);"
                  >
                    <div
                      style="position: relative; z-index: 1;"
                    >
                      <div />
                    </div>
                  </td>
                  <td
                    class=" square-bg-cell"
                    colspan="1"
                    rowspan="1"
                    style="text-align: center; width: 7.3%; font-weight: normal; --cell-bg: #ffe5e5; vertical-align: middle; color: black;"
                  >
                    <div
                      style="position: relative; z-index: 1;"
                    >
                      <div>
                        16.6
                      </div>
                    </div>
                  </td>
                  <td
                    class=" square-bg-cell"
                    colspan="1"
                    rowspan="1"
                    style="text-align: center; width: 7.3%; font-weight: normal; --cell-bg: #008000; vertical-align: middle; color: black;"
                  >
                    <div
                      style="position: relative; z-index: 1;"
                    >
                      <div>
                        67.1
                      </div>
                    </div>
                  </td>
                  <td
                    class=" square-bg-cell"
                    colspan="1"
                    rowspan="1"
                    style="text-align: center; width: 7.3%; font-weight: normal; --cell-bg: #ffc55a; vertical-align: middle; color: black;"
                  >
                    <div
                      style="position: relative; z-index: 1;"
                    >
                      <div>
                        44.0
                      </div>
                    </div>
                  </td>
                  <td
                    class=" square-bg-cell"
                    colspan="1"
                    rowspan="1"
                    style="text-align: center; width: 1.8%; font-weight: normal; vertical-align: middle; color: rgb(82, 82, 82);"
                  >
                    <div
                      style="position: relative; z-index: 1;"
                    >
                      <div />
                    </div>
                  </td>
                  <td
                    class=" square-bg-cell"
                    colspan="1"
                    rowspan="1"
                    style="text-align: center; width: 7.3%; font-weight: normal; --cell-bg: #ffb4b4; vertical-align: middle; color: black;"
                  >
                    <div
                      style="position: relative; z-index: 1;"
                    >
                      <div>
                        30.9
                      </div>
                    </div>
                  </td>
                  <td
                    class=" square-bg-cell"
                    colspan="1"
                    rowspan="1"
                    style="text-align: center; width: 7.3%; font-weight: normal; --cell-bg: #008000; vertical-align: middle; color: black;"
                  >
                    <div
                      style="position: relative; z-index: 1;"
                    >
                      <div>
                        67.8
                      </div>
                    </div>
                  </td>
                </tr>
                <tr>
                  <td
                    class=" square-bg-cell"
                    colspan="1"
                    rowspan="1"
                    style="text-align: right; width: 29.1%; font-weight: normal; vertical-align: middle; color: rgb(82, 82, 82);"
                  >
                    <div
                      style="position: relative; z-index: 1;"
                    >
                      <b>
                        Scramble Offense
                        <sup>
                          *
                        </sup>
                      </b>
                    </div>
                  </td>
                  <td
                    class=" square-bg-cell"
                    colspan="1"
                    rowspan="1"
                    style="text-align: center; width: 1.8%; font-weight: normal; vertical-align: middle; color: rgb(82, 82, 82);"
                  >
                    <div
                      style="position: relative; z-index: 1;"
                    >
                      <div />
                    </div>
                  </td>
                  <td
                    class=" square-bg-cell"
                    colspan="1"
                    rowspan="1"
                    style="text-align: center; width: 7.3%; font-weight: normal; vertical-align: middle; color: rgb(82, 82, 82);"
                  >
                    <div
                      style="position: relative; z-index: 1;"
                    >
                      <div>
                        10.8
                      </div>
                    </div>
                  </td>
                  <td
                    class=" square-bg-cell"
                    colspan="1"
                    rowspan="1"
                    style="text-align: center; width: 7.3%; font-weight: normal; vertical-align: middle; color: rgb(82, 82, 82);"
                  >
                    <div
                      style="position: relative; z-index: 1;"
                    >
                      <div>
                        64.2
                      </div>
                    </div>
                  </td>
                  <td
                    class=" square-bg-cell"
                    colspan="1"
                    rowspan="1"
                    style="text-align: center; width: 7.3%; font-weight: normal; --cell-bg: #3d9e3d; vertical-align: middle; color: black;"
                  >
                    <div
                      style="position: relative; z-index: 1;"
                    >
                      <div>
                        115.2
                      </div>
                    </div>
                  </td>
                  <td
                    class=" square-bg-cell"
                    colspan="1"
                    rowspan="1"
                    style="text-align: center; width: 7.3%; font-weight: normal; --cell-bg: #c4e2c4; vertical-align: middle; color: black;"
                  >
                    <div
                      style="position: relative; z-index: 1;"
                    >
                      <div>
                        8.0
                      </div>
                    </div>
                  </td>
                  <td
                    class=" square-bg-cell"
                    colspan="1"
                    rowspan="1"
                    style="text-align: center; width: 1.8%; font-weight: normal; vertical-align: middle; color: rgb(82, 82, 82);"
                  >
                    <div
                      style="position: relative; z-index: 1;"
                    >
                      <div />
                    </div>
                  </td>
                  <td
                    class=" square-bg-cell"
                    colspan="1"
                    rowspan="1"
                    style="text-align: center; width: 7.3%; font-weight: normal; --cell-bg: #57ac57; vertical-align: middle; color: black;"
                  >
                    <div
                      style="position: relative; z-index: 1;"
                    >
                      <div>
                        12.1
                      </div>
                    </div>
                  </td>
                  <td
                    class=" square-bg-cell"
                    colspan="1"
                    rowspan="1"
                    style="text-align: center; width: 7.3%; font-weight: normal; --cell-bg: #008000; vertical-align: middle; color: black;"
                  >
                    <div
                      style="position: relative; z-index: 1;"
                    >
                      <div>
                        47.3
                      </div>
                    </div>
                  </td>
                  <td
                    class=" square-bg-cell"
                    colspan="1"
                    rowspan="1"
                    style="text-align: center; width: 7.3%; font-weight: normal; --cell-bg: #d8ecf3; vertical-align: middle; color: black;"
                  >
                    <div
                      style="position: relative; z-index: 1;"
                    >
                      <div>
                        24.5
                      </div>
                    </div>
                  </td>
                  <td
                    class=" square-bg-cell"
                    colspan="1"
                    rowspan="1"
                    style="text-align: center; width: 1.8%; font-weight: normal; vertical-align: middle; color: rgb(82, 82, 82);"
                  >
                    <div
                      style="position: relative; z-index: 1;"
                    >
                      <div />
                    </div>
                  </td>
                  <td
                    class=" square-bg-cell"
                    colspan="1"
                    rowspan="1"
                    style="text-align: center; width: 7.3%; font-weight: normal; --cell-bg: #ff6969; vertical-align: middle; color: black;"
                  >
                    <div
                      style="position: relative; z-index: 1;"
                    >
                      <div>
                        28.9
                      </div>
                    </div>
                  </td>
                  <td
                    class=" square-bg-cell"
                    colspan="1"
                    rowspan="1"
                    style="text-align: center; width: 7.3%; font-weight: normal; --cell-bg: #3e9f3e; vertical-align: middle; color: black;"
                  >
                    <div
                      style="position: relative; z-index: 1;"
                    >
                      <div>
                        57.6
                      </div>
                    </div>
                  </td>
                </tr>
                <tr
                  class="divider"
                >
                  <td />
                  <td />
                  <td />
                  <td />
                  <td />
                  <td />
                  <td />
                  <td />
                  <td />
                  <td />
                  <td />
                  <td />
                  <td />
                </tr>
                <tr>
                  <td
                    class=" square-bg-cell"
                    colspan="1"
                    rowspan="1"
                    style="text-align: right; width: 29.1%; font-weight: bold; vertical-align: middle; color: rgb(82, 82, 82);"
                  >
                    <div
                      style="position: relative; z-index: 1;"
                    >
                      <div>
                        Half-Court Defense
                      </div>
                    </div>
                  </td>
                  <td
                    class=" square-bg-cell"
                    colspan="1"
                    rowspan="1"
                    style="text-align: center; width: 1.8%; font-weight: normal; vertical-align: middle; color: rgb(82, 82, 82);"
                  >
                    <div
                      style="position: relative; z-index: 1;"
                    >
                      <div />
                    </div>
                  </td>
                  <td
                    class=" square-bg-cell"
                    colspan="1"
                    rowspan="1"
                    style="text-align: center; width: 7.3%; font-weight: normal; vertical-align: middle; color: rgb(82, 82, 82);"
                  >
                    <div
                      style="position: relative; z-index: 1;"
                    >
                      <div>
                        75.5
                      </div>
                    </div>
                  </td>
                  <td
                    class=" square-bg-cell"
                    colspan="1"
                    rowspan="1"
                    style="text-align: center; width: 7.3%; font-weight: normal; vertical-align: middle; color: rgb(82, 82, 82);"
                  >
                    <div
                      style="position: relative; z-index: 1;"
                    >
                      <div />
                    </div>
                  </td>
                  <td
                    class=" square-bg-cell"
                    colspan="1"
                    rowspan="1"
                    style="text-align: center; width: 7.3%; font-weight: normal; --cell-bg: #99cc99; vertical-align: middle; color: black;"
                  >
                    <div
                      style="position: relative; z-index: 1;"
                    >
                      <div>
                        92.0
                      </div>
                    </div>
                  </td>
                  <td
                    class=" square-bg-cell"
                    colspan="1"
                    rowspan="1"
                    style="text-align: center; width: 7.3%; font-weight: normal; --cell-bg: #e1f0e1; vertical-align: middle; color: black;"
                  >
                    <div
                      style="position: relative; z-index: 1;"
                    >
                      <div>
                        -4.1
                      </div>
                    </div>
                  </td>
                  <td
                    class=" square-bg-cell"
                    colspan="1"
                    rowspan="1"
                    style="text-align: center; width: 1.8%; font-weight: normal; vertical-align: middle; color: rgb(82, 82, 82);"
                  >
                    <div
                      style="position: relative; z-index: 1;"
                    >
                      <div />
                    </div>
                  </td>
                  <td
                    class=" square-bg-cell"
                    colspan="1"
                    rowspan="1"
                    style="text-align: center; width: 7.3%; font-weight: normal; --cell-bg: #e5f2e5; vertical-align: middle; color: black;"
                  >
                    <div
                      style="position: relative; z-index: 1;"
                    >
                      <div>
                        16.6
                      </div>
                    </div>
                  </td>
                  <td
                    class=" square-bg-cell"
                    colspan="1"
                    rowspan="1"
                    style="text-align: center; width: 7.3%; font-weight: normal; --cell-bg: #008000; vertical-align: middle; color: black;"
                  >
                    <div
                      style="position: relative; z-index: 1;"
                    >
                      <div>
                        18.7
                      </div>
                    </div>
                  </td>
                  <td
                    class=" square-bg-cell"
                    colspan="1"
                    rowspan="1"
                    style="text-align: center; width: 7.3%; font-weight: normal; --cell-bg: #ffe2ad; vertical-align: middle; color: black;"
                  >
                    <div
                      style="position: relative; z-index: 1;"
                    >
                      <div>
                        38.5
                      </div>
                    </div>
                  </td>
                  <td
                    class=" square-bg-cell"
                    colspan="1"
                    rowspan="1"
                    style="text-align: center; width: 1.8%; font-weight: normal; vertical-align: middle; color: rgb(82, 82, 82);"
                  >
                    <div
                      style="position: relative; z-index: 1;"
                    >
                      <div />
                    </div>
                  </td>
                  <td
                    class=" square-bg-cell"
                    colspan="1"
                    rowspan="1"
                    style="text-align: center; width: 7.3%; font-weight: normal; --cell-bg: #bfdfbf; vertical-align: middle; color: black;"
                  >
                    <div
                      style="position: relative; z-index: 1;"
                    >
                      <div>
                        31.3
                      </div>
                    </div>
                  </td>
                  <td
                    class=" square-bg-cell"
                    colspan="1"
                    rowspan="1"
                    style="text-align: center; width: 7.3%; font-weight: normal; --cell-bg: #42a142; vertical-align: middle; color: black;"
                  >
                    <div
                      style="position: relative; z-index: 1;"
                    >
                      <div>
                        42.6
                      </div>
                    </div>
                  </td>
                </tr>
                <tr>
                  <td
                    class=" square-bg-cell"
                    colspan="1"
                    rowspan="1"
                    style="text-align: right; width: 29.1%; font-weight: bold; vertical-align: middle; color: rgb(82, 82, 82);"
                  >
                    <div
                      style="position: relative; z-index: 1;"
                    >
                      <div>
                        Transition Defense
                      </div>
                    </div>
                  </td>
                  <td
                    class=" square-bg-cell"
                    colspan="1"
                    rowspan="1"
                    style="text-align: center; width: 1.8%; font-weight: normal; vertical-align: middle; color: rgb(82, 82, 82);"
                  >
                    <div
                      style="position: relative; z-index: 1;"
                    >
                      <div />
                    </div>
                  </td>
                  <td
                    class=" square-bg-cell"
                    colspan="1"
                    rowspan="1"
                    style="text-align: center; width: 7.3%; font-weight: normal; --cell-bg: #ffe2ad; vertical-align: middle; color: black;"
                  >
                    <div
                      style="position: relative; z-index: 1;"
                    >
                      <div>
                        19.6
                      </div>
                    </div>
                  </td>
                  <td
                    class=" square-bg-cell"
                    colspan="1"
                    rowspan="1"
                    style="text-align: center; width: 7.3%; font-weight: normal; --cell-bg: #bedebe; vertical-align: middle; color: black;"
                  >
                    <div
                      style="position: relative; z-index: 1;"
                    >
                      <div>
                        62.8
                      </div>
                    </div>
                  </td>
                  <td
                    class=" square-bg-cell"
                    colspan="1"
                    rowspan="1"
                    style="text-align: center; width: 7.3%; font-weight: normal; --cell-bg: #88c488; vertical-align: middle; color: black;"
                  >
                    <div
                      style="position: relative; z-index: 1;"
                    >
                      <div>
                        90.7
                      </div>
                    </div>
                  </td>
                  <td
                    class=" square-bg-cell"
                    colspan="1"
                    rowspan="1"
                    style="text-align: center; width: 7.3%; font-weight: normal; --cell-bg: #d8ebd8; vertical-align: middle; color: black;"
                  >
                    <div
                      style="position: relative; z-index: 1;"
                    >
                      <div>
                        -5.4
                      </div>
                    </div>
                  </td>
                  <td
                    class=" square-bg-cell"
                    colspan="1"
                    rowspan="1"
                    style="text-align: center; width: 1.8%; font-weight: normal; vertical-align: middle; color: rgb(82, 82, 82);"
                  >
                    <div
                      style="position: relative; z-index: 1;"
                    >
                      <div />
                    </div>
                  </td>
                  <td
                    class=" square-bg-cell"
                    colspan="1"
                    rowspan="1"
                    style="text-align: center; width: 7.3%; font-weight: normal; --cell-bg: #85c285; vertical-align: middle; color: black;"
                  >
                    <div
                      style="position: relative; z-index: 1;"
                    >
                      <div>
                        18.9
                      </div>
                    </div>
                  </td>
                  <td
                    class=" square-bg-cell"
                    colspan="1"
                    rowspan="1"
                    style="text-align: center; width: 7.3%; font-weight: normal; --cell-bg: #ff0000; vertical-align: middle; color: black;"
                  >
                    <div
                      style="position: relative; z-index: 1;"
                    >
                      <div>
                        42.0
                      </div>
                    </div>
                  </td>
                  <td
                    class=" square-bg-cell"
                    colspan="1"
                    rowspan="1"
                    style="text-align: center; width: 7.3%; font-weight: normal; --cell-bg: #ffc967; vertical-align: middle; color: black;"
                  >
                    <div
                      style="position: relative; z-index: 1;"
                    >
                      <div>
                        43.1
                      </div>
                    </div>
                  </td>
                  <td
                    class=" square-bg-cell"
                    colspan="1"
                    rowspan="1"
                    style="text-align: center; width: 1.8%; font-weight: normal; vertical-align: middle; color: rgb(82, 82, 82);"
                  >
                    <div
                      style="position: relative; z-index: 1;"
                    >
                      <div />
                    </div>
                  </td>
                  <td
                    class=" square-bg-cell"
                    colspan="1"
                    rowspan="1"
                    style="text-align: center; width: 7.3%; font-weight: normal; --cell-bg: #ffabab; vertical-align: middle; color: black;"
                  >
                    <div
                      style="position: relative; z-index: 1;"
                    >
                      <div>
                        35.3
                      </div>
                    </div>
                  </td>
                  <td
                    class=" square-bg-cell"
                    colspan="1"
                    rowspan="1"
                    style="text-align: center; width: 7.3%; font-weight: normal; --cell-bg: #ffb6b6; vertical-align: middle; color: black;"
                  >
                    <div
                      style="position: relative; z-index: 1;"
                    >
                      <div>
                        52.9
                      </div>
                    </div>
                  </td>
                </tr>
                <tr>
                  <td
                    class=" square-bg-cell"
                    colspan="1"
                    rowspan="1"
                    style="text-align: right; width: 29.1%; font-weight: normal; vertical-align: middle; color: rgb(82, 82, 82);"
                  >
                    <div
                      style="position: relative; z-index: 1;"
                    >
                      <b>
                        Scramble Defense
                        <sup>
                          *
                        </sup>
                      </b>
                    </div>
                  </td>
                  <td
                    class=" square-bg-cell"
                    colspan="1"
                    rowspan="1"
                    style="text-align: center; width: 1.8%; font-weight: normal; vertical-align: middle; color: rgb(82, 82, 82);"
                  >
                    <div
                      style="position: relative; z-index: 1;"
                    >
                      <div />
                    </div>
                  </td>
                  <td
                    class=" square-bg-cell"
                    colspan="1"
                    rowspan="1"
                    style="text-align: center; width: 7.3%; font-weight: normal; vertical-align: middle; color: rgb(82, 82, 82);"
                  >
                    <div
                      style="position: relative; z-index: 1;"
                    >
                      <div>
                        8.5
                      </div>
                    </div>
                  </td>
                  <td
                    class=" square-bg-cell"
                    colspan="1"
                    rowspan="1"
                    style="text-align: center; width: 7.3%; font-weight: normal; vertical-align: middle; color: rgb(82, 82, 82);"
                  >
                    <div
                      style="position: relative; z-index: 1;"
                    >
                      <div>
                        58.4
                      </div>
                    </div>
                  </td>
                  <td
                    class=" square-bg-cell"
                    colspan="1"
                    rowspan="1"
                    style="text-align: center; width: 7.3%; font-weight: normal; --cell-bg: #ffc9c9; vertical-align: middle; color: black;"
                  >
                    <div
                      style="position: relative; z-index: 1;"
                    >
                      <div>
                        104.3
                      </div>
                    </div>
                  </td>
                  <td
                    class=" square-bg-cell"
                    colspan="1"
                    rowspan="1"
                    style="text-align: center; width: 7.3%; font-weight: normal; --cell-bg: #ffc3c3; vertical-align: middle; color: black;"
                  >
                    <div
                      style="position: relative; z-index: 1;"
                    >
                      <div>
                        8.2
                      </div>
                    </div>
                  </td>
                  <td
                    class=" square-bg-cell"
                    colspan="1"
                    rowspan="1"
                    style="text-align: center; width: 1.8%; font-weight: normal; vertical-align: middle; color: rgb(82, 82, 82);"
                  >
                    <div
                      style="position: relative; z-index: 1;"
                    >
                      <div />
                    </div>
                  </td>
                  <td
                    class=" square-bg-cell"
                    colspan="1"
                    rowspan="1"
                    style="text-align: center; width: 7.3%; font-weight: normal; --cell-bg: #ffaeae; vertical-align: middle; color: black;"
                  >
                    <div
                      style="position: relative; z-index: 1;"
                    >
                      <div>
                        14.1
                      </div>
                    </div>
                  </td>
                  <td
                    class=" square-bg-cell"
                    colspan="1"
                    rowspan="1"
                    style="text-align: center; width: 7.3%; font-weight: normal; --cell-bg: #ff0000; vertical-align: middle; color: black;"
                  >
                    <div
                      style="position: relative; z-index: 1;"
                    >
                      <div>
                        45.1
                      </div>
                    </div>
                  </td>
                  <td
                    class=" square-bg-cell"
                    colspan="1"
                    rowspan="1"
                    style="text-align: center; width: 7.3%; font-weight: normal; --cell-bg: #d9edf3; vertical-align: middle; color: black;"
                  >
                    <div
                      style="position: relative; z-index: 1;"
                    >
                      <div>
                        24.6
                      </div>
                    </div>
                  </td>
                  <td
                    class=" square-bg-cell"
                    colspan="1"
                    rowspan="1"
                    style="text-align: center; width: 1.8%; font-weight: normal; vertical-align: middle; color: rgb(82, 82, 82);"
                  >
                    <div
                      style="position: relative; z-index: 1;"
                    >
                      <div />
                    </div>
                  </td>
                  <td
                    class=" square-bg-cell"
                    colspan="1"
                    rowspan="1"
                    style="text-align: center; width: 7.3%; font-weight: normal; --cell-bg: #ff0000; vertical-align: middle; color: black;"
                  >
                    <div
                      style="position: relative; z-index: 1;"
                    >
                      <div>
                        42.9
                      </div>
                    </div>
                  </td>
                  <td
                    class=" square-bg-cell"
                    colspan="1"
                    rowspan="1"
                    style="text-align: center; width: 7.3%; font-weight: normal; --cell-bg: #c3e1c3; vertical-align: middle; color: black;"
                  >
                    <div
                      style="position: relative; z-index: 1;"
                    >
                      <div>
                        47.7
                      </div>
                    </div>
                  </td>
                </tr>
              </tbody>
            </table>
          </div>
        </div>
        <div
          class="col-xl-5 col-lg-8 col-sm-12 col-8"
        >
          <div
            class="container-fluid"
          >
            <div
              class="row"
            >
              <span>
                More assist stats:
              </span>
              <div
                class="table-responsive"
              >
                <table
                  class="table table-sm"
                  id="assistStats_test"
                >
                  <thead>
                    <tr>
                      <th
                        style="text-align: right; width: 38.1%; font-weight: bold;"
                      >
                        <div>
                          <button
                            class="float-left btn btn-outline-secondary btn-sm"
                            id="assistStats_test_copy"
                            type="button"
                          >
                            <svg
                              aria-hidden="true"
                              class="svg-inline--fa fa-clipboard "
                              data-icon="clipboard"
                              data-prefix="fas"
                              focusable="false"
                              role="img"
                              viewBox="0 0 384 512"
                              xmlns="http://www.w3.org/2000/svg"
                            >
                              <path
                                d="M192 0c-41.8 0-77.4 26.7-90.5 64L64 64C28.7 64 0 92.7 0 128L0 448c0 35.3 28.7 64 64 64l256 0c35.3 0 64-28.7 64-64l0-320c0-35.3-28.7-64-64-64l-37.5 0C269.4 26.7 233.8 0 192 0zm0 64a32 32 0 1 1 0 64 32 32 0 1 1 0-64zM112 192l160 0c8.8 0 16 7.2 16 16s-7.2 16-16 16l-160 0c-8.8 0-16-7.2-16-16s7.2-16 16-16z"
                                fill="currentColor"
                              />
                            </svg>
                          </button>
                        </div>
                      </th>
                      <th
                        style="text-align: center; width: 2.4%; font-weight: bold;"
                      />
                      <th
                        style="text-align: center; width: 9.5%; font-weight: bold;"
                      >
                        <div>
                          <span>
                            3P
                          </span>
                        </div>
                      </th>
                      <th
                        style="text-align: center; width: 9.5%; font-weight: bold;"
                      >
                        <div>
                          <span>
                            Mid
                          </span>
                        </div>
                      </th>
                      <th
                        style="text-align: center; width: 9.5%; font-weight: bold;"
                      >
                        <div>
                          <span>
                            Rim
                          </span>
                        </div>
                      </th>
                      <th
                        style="text-align: center; width: 2.4%; font-weight: bold;"
                      />
                      <th
                        style="text-align: center; width: 9.5%; font-weight: bold;"
                      >
                        <div>
                          <span>
                            3P
                          </span>
                        </div>
                      </th>
                      <th
                        style="text-align: center; width: 9.5%; font-weight: bold;"
                      >
                        <div>
                          <span>
                            Mid
                          </span>
                        </div>
                      </th>
                      <th
                        style="text-align: center; width: 9.5%; font-weight: bold;"
                      >
                        <div>
                          <span>
                            Rim
                          </span>
                        </div>
                      </th>
                    </tr>
                  </thead>
                  <tbody>
                    <tr>
                      <td
                        class="text-center"
                        colspan="2"
                      />
                      <td
                        class="text-center"
                        colspan="3"
                      >
                        <i>
                          Assist distribution
                        </i>
                      </td>
                      <td
                        class="text-center"
                        colspan="1"
                      />
                      <td
                        class="text-center"
                        colspan="3"
                      >
                        <i>
                          % of these shots assisted
                        </i>
                      </td>
                    </tr>
                    <tr>
                      <td
                        class=" square-bg-cell"
                        colspan="1"
                        rowspan="1"
                        style="text-align: right; width: 38.1%; font-weight: bold; vertical-align: middle; color: rgb(82, 82, 82);"
                      >
                        <div
                          style="position: relative; z-index: 1;"
                        >
                          <div>
                            Offense
                          </div>
                        </div>
                      </td>
                      <td
                        class=" square-bg-cell"
                        colspan="1"
                        rowspan="1"
                        style="text-align: center; width: 2.4%; font-weight: normal; vertical-align: middle; color: rgb(82, 82, 82);"
                      >
                        <div
                          style="position: relative; z-index: 1;"
                        >
                          <div />
                        </div>
                      </td>
                      <td
                        class=" square-bg-cell"
                        colspan="1"
                        rowspan="1"
                        style="text-align: center; width: 9.5%; font-weight: normal; --cell-bg: #ffa809; vertical-align: middle; color: black;"
                      >
                        <div
                          style="position: relative; z-index: 1;"
                        >
                          <div>
                            49.4
                          </div>
                        </div>
                      </td>
                      <td
                        class=" square-bg-cell"
                        colspan="1"
                        rowspan="1"
                        style="text-align: center; width: 9.5%; font-weight: normal; --cell-bg: #add8e6; vertical-align: middle; color: black;"
                      >
                        <div
                          style="position: relative; z-index: 1;"
                        >
                          <div>
                            6.8
                          </div>
                        </div>
                      </td>
                      <td
                        class=" square-bg-cell"
                        colspan="1"
                        rowspan="1"
                        style="text-align: center; width: 9.5%; font-weight: normal; --cell-bg: #ffc65e; vertical-align: middle; color: black;"
                      >
                        <div
                          style="position: relative; z-index: 1;"
                        >
                          <div>
                            43.8
                          </div>
                        </div>
                      </td>
                      <td
                        class=" square-bg-cell"
                        colspan="1"
                        rowspan="1"
                        style="text-align: center; width: 2.4%; font-weight: normal; vertical-align: middle; color: rgb(82, 82, 82);"
                      >
                        <div
                          style="position: relative; z-index: 1;"
                        >
                          <div />
                        </div>
                      </td>
                      <td
                        class=" square-bg-cell"
                        colspan="1"
                        rowspan="1"
                        style="text-align: center; width: 9.5%; font-weight: normal; --cell-bg: #ffa500; vertical-align: middle; color: black;"
                      >
                        <div
                          style="position: relative; z-index: 1;"
                        >
                          <div>
                            84.9
                          </div>
                        </div>
                      </td>
                      <td
                        class=" square-bg-cell"
                        colspan="1"
                        rowspan="1"
                        style="text-align: center; width: 9.5%; font-weight: normal; --cell-bg: #e6f3f7; vertical-align: middle; color: black;"
                      >
                        <div
                          style="position: relative; z-index: 1;"
                        >
                          <div>
                            27.5
                          </div>
                        </div>
                      </td>
                      <td
                        class=" square-bg-cell"
                        colspan="1"
                        rowspan="1"
                        style="text-align: center; width: 9.5%; font-weight: normal; --cell-bg: #ffc355; vertical-align: middle; color: black;"
                      >
                        <div
                          style="position: relative; z-index: 1;"
                        >
                          <div>
                            44.3
                          </div>
                        </div>
                      </td>
                    </tr>
                    <tr>
                      <td
                        class=" square-bg-cell"
                        colspan="1"
                        rowspan="1"
                        style="text-align: right; width: 38.1%; font-weight: bold; vertical-align: middle; color: rgb(82, 82, 82);"
                      >
                        <div
                          style="position: relative; z-index: 1;"
                        >
                          <div>
                            Defense
                          </div>
                        </div>
                      </td>
                      <td
                        class=" square-bg-cell"
                        colspan="1"
                        rowspan="1"
                        style="text-align: center; width: 2.4%; font-weight: normal; vertical-align: middle; color: rgb(82, 82, 82);"
                      >
                        <div
                          style="position: relative; z-index: 1;"
                        >
                          <div />
                        </div>
                      </td>
                      <td
                        class=" square-bg-cell"
                        colspan="1"
                        rowspan="1"
                        style="text-align: center; width: 9.5%; font-weight: normal; --cell-bg: #ffad17; vertical-align: middle; color: black;"
                      >
                        <div
                          style="position: relative; z-index: 1;"
                        >
                          <div>
                            48.5
                          </div>
                        </div>
                      </td>
                      <td
                        class=" square-bg-cell"
                        colspan="1"
                        rowspan="1"
                        style="text-align: center; width: 9.5%; font-weight: normal; --cell-bg: #add8e6; vertical-align: middle; color: black;"
                      >
                        <div
                          style="position: relative; z-index: 1;"
                        >
                          <div>
                            13.8
                          </div>
                        </div>
                      </td>
                      <td
                        class=" square-bg-cell"
                        colspan="1"
                        rowspan="1"
                        style="text-align: center; width: 9.5%; font-weight: normal; --cell-bg: #ffe6b8; vertical-align: middle; color: black;"
                      >
                        <div
                          style="position: relative; z-index: 1;"
                        >
                          <div>
                            37.8
                          </div>
                        </div>
                      </td>
                      <td
                        class=" square-bg-cell"
                        colspan="1"
                        rowspan="1"
                        style="text-align: center; width: 2.4%; font-weight: normal; vertical-align: middle; color: rgb(82, 82, 82);"
                      >
                        <div
                          style="position: relative; z-index: 1;"
                        >
                          <div />
                        </div>
                      </td>
                      <td
                        class=" square-bg-cell"
                        colspan="1"
                        rowspan="1"
                        style="text-align: center; width: 9.5%; font-weight: normal; --cell-bg: #ffa500; vertical-align: middle; color: black;"
                      >
                        <div
                          style="position: relative; z-index: 1;"
                        >
                          <div>
                            85.5
                          </div>
                        </div>
                      </td>
                      <td
                        class=" square-bg-cell"
                        colspan="1"
                        rowspan="1"
                        style="text-align: center; width: 9.5%; font-weight: normal; --cell-bg: #fdfefe; vertical-align: middle; color: black;"
                      >
                        <div
                          style="position: relative; z-index: 1;"
                        >
                          <div>
                            32.5
                          </div>
                        </div>
                      </td>
                      <td
                        class=" square-bg-cell"
                        colspan="1"
                        rowspan="1"
                        style="text-align: center; width: 9.5%; font-weight: normal; --cell-bg: #ffbf4a; vertical-align: middle; color: black;"
                      >
                        <div
                          style="position: relative; z-index: 1;"
                        >
                          <div>
                            45.1
                          </div>
                        </div>
                      </td>
                    </tr>
                  </tbody>
                </table>
              </div>
            </div>
            <div
              class="row"
            >
              <span>
                Misc other stats:
              </span>
              <div
                class="table-responsive"
              >
                <table
                  class="table table-sm"
                  id="otherStats_test"
                >
                  <thead>
                    <tr>
                      <th
                        style="text-align: right; width: 36.4%; font-weight: bold;"
                      >
                        <div>
                          <button
                            class="float-left btn btn-outline-secondary btn-sm"
                            id="otherStats_test_copy"
                            type="button"
                          >
                            <svg
                              aria-hidden="true"
                              class="svg-inline--fa fa-clipboard "
                              data-icon="clipboard"
                              data-prefix="fas"
                              focusable="false"
                              role="img"
                              viewBox="0 0 384 512"
                              xmlns="http://www.w3.org/2000/svg"
                            >
                              <path
                                d="M192 0c-41.8 0-77.4 26.7-90.5 64L64 64C28.7 64 0 92.7 0 128L0 448c0 35.3 28.7 64 64 64l256 0c35.3 0 64-28.7 64-64l0-320c0-35.3-28.7-64-64-64l-37.5 0C269.4 26.7 233.8 0 192 0zm0 64a32 32 0 1 1 0 64 32 32 0 1 1 0-64zM112 192l160 0c8.8 0 16 7.2 16 16s-7.2 16-16 16l-160 0c-8.8 0-16-7.2-16-16s7.2-16 16-16z"
                                fill="currentColor"
                              />
                            </svg>
                          </button>
                        </div>
                      </th>
                      <th
                        style="text-align: center; width: 2.3%; font-weight: bold;"
                      />
                      <th
                        style="text-align: center; width: 9.1%; font-weight: bold;"
                      >
                        <div>
                          <span>
                            FT%
                          </span>
                        </div>
                      </th>
                      <th
                        style="text-align: center; width: 2.3%; font-weight: bold;"
                      />
                      <th
                        style="text-align: center; width: 9.1%; font-weight: bold;"
                      >
                        <div>
                          <span>
                            Stl%
                          </span>
                        </div>
                      </th>
                      <th
                        style="text-align: center; width: 9.1%; font-weight: bold;"
                      >
                        <div>
                          <span>
                            Non-Stl%
                          </span>
                        </div>
                      </th>
                      <th
                        style="text-align: center; width: 9.1%; font-weight: bold;"
                      >
                        <div>
                          <span>
                            Blk%
                          </span>
                        </div>
                      </th>
                      <th
                        style="text-align: center; width: 2.3%; font-weight: bold;"
                      />
                      <th
                        style="text-align: center; width: 9.1%; font-weight: bold;"
                      >
                        <div>
                          <span>
                            3P% SoS
                          </span>
                        </div>
                      </th>
                      <th
                        style="text-align: center; width: 2.3%; font-weight: bold;"
                      />
                      <th
                        style="text-align: center; width: 9.1%; font-weight: bold;"
                      >
                        <div>
                          <span>
                            Pace
                          </span>
                        </div>
                      </th>
                    </tr>
                  </thead>
                  <tbody>
                    <tr>
                      <td
                        class=" square-bg-cell"
                        colspan="1"
                        rowspan="1"
                        style="text-align: right; width: 36.4%; font-weight: bold; vertical-align: middle; color: rgb(82, 82, 82);"
                      >
                        <div
                          style="position: relative; z-index: 1;"
                        >
                          <div>
                            Offense
                          </div>
                        </div>
                      </td>
                      <td
                        class=" square-bg-cell"
                        colspan="1"
                        rowspan="1"
                        style="text-align: center; width: 2.3%; font-weight: normal; vertical-align: middle; color: rgb(82, 82, 82);"
                      >
                        <div
                          style="position: relative; z-index: 1;"
                        >
                          <div />
                        </div>
                      </td>
                      <td
                        class=" square-bg-cell"
                        colspan="1"
                        rowspan="1"
                        style="text-align: center; width: 9.1%; font-weight: normal; --cell-bg: #aed7ae; vertical-align: middle; color: black;"
                      >
                        <div
                          style="position: relative; z-index: 1;"
                        >
                          <div>
                            74.7
                          </div>
                        </div>
                      </td>
                      <td
                        class=" square-bg-cell"
                        colspan="1"
                        rowspan="1"
                        style="text-align: center; width: 2.3%; font-weight: normal; vertical-align: middle; color: rgb(82, 82, 82);"
                      >
                        <div
                          style="position: relative; z-index: 1;"
                        >
                          <div />
                        </div>
                      </td>
                      <td
                        class=" square-bg-cell"
                        colspan="1"
                        rowspan="1"
                        style="text-align: center; width: 9.1%; font-weight: normal; --cell-bg: #ffefef; vertical-align: middle; color: black;"
                      >
                        <div
                          style="position: relative; z-index: 1;"
                        >
                          <div>
                            8.2
                          </div>
                        </div>
                      </td>
                      <td
                        class=" square-bg-cell"
                        colspan="1"
                        rowspan="1"
                        style="text-align: center; width: 9.1%; font-weight: normal; --cell-bg: #ffbebe; vertical-align: middle; color: black;"
                      >
                        <div
                          style="position: relative; z-index: 1;"
                        >
                          <div>
                            8.8
                          </div>
                        </div>
                      </td>
                      <td
                        class=" square-bg-cell"
                        colspan="1"
                        rowspan="1"
                        style="text-align: center; width: 9.1%; font-weight: normal; --cell-bg: #ff0808; vertical-align: middle; color: black;"
                      >
                        <div
                          style="position: relative; z-index: 1;"
                        >
                          <div>
                            10.9
                          </div>
                        </div>
                      </td>
                      <td
                        class=" square-bg-cell"
                        colspan="1"
                        rowspan="1"
                        style="text-align: center; width: 2.3%; font-weight: normal; vertical-align: middle; color: rgb(82, 82, 82);"
                      >
                        <div
                          style="position: relative; z-index: 1;"
                        >
                          <div />
                        </div>
                      </td>
                      <td
                        class=" square-bg-cell"
                        colspan="1"
                        rowspan="1"
                        style="text-align: center; width: 9.1%; font-weight: normal; vertical-align: middle; color: rgb(82, 82, 82);"
                      >
                        <div
                          style="position: relative; z-index: 1;"
                        >
                          <div />
                        </div>
                      </td>
                      <td
                        class=" square-bg-cell"
                        colspan="1"
                        rowspan="1"
                        style="text-align: center; width: 2.3%; font-weight: normal; vertical-align: middle; color: rgb(82, 82, 82);"
                      >
                        <div
                          style="position: relative; z-index: 1;"
                        >
                          <div />
                        </div>
                      </td>
                      <td
                        class=" square-bg-cell"
                        colspan="1"
                        rowspan="1"
                        style="text-align: center; width: 9.1%; font-weight: normal; --cell-bg: #ffa500; vertical-align: middle; color: black;"
                      >
                        <div
                          style="position: relative; z-index: 1;"
                        >
                          <div>
                            83.2
                          </div>
                        </div>
                      </td>
                    </tr>
                    <tr>
                      <td
                        class=" square-bg-cell"
                        colspan="1"
                        rowspan="1"
                        style="text-align: right; width: 36.4%; font-weight: bold; vertical-align: middle; color: rgb(82, 82, 82);"
                      >
                        <div
                          style="position: relative; z-index: 1;"
                        >
                          <div>
                            Defense
                          </div>
                        </div>
                      </td>
                      <td
                        class=" square-bg-cell"
                        colspan="1"
                        rowspan="1"
                        style="text-align: center; width: 2.3%; font-weight: normal; vertical-align: middle; color: rgb(82, 82, 82);"
                      >
                        <div
                          style="position: relative; z-index: 1;"
                        >
                          <div />
                        </div>
                      </td>
                      <td
                        class=" square-bg-cell"
                        colspan="1"
                        rowspan="1"
                        style="text-align: center; width: 9.1%; font-weight: normal; --cell-bg: #fcfdfc; vertical-align: middle; color: black;"
                      >
                        <div
                          style="position: relative; z-index: 1;"
                        >
                          <div>
                            69.8
                          </div>
                        </div>
                      </td>
                      <td
                        class=" square-bg-cell"
                        colspan="1"
                        rowspan="1"
                        style="text-align: center; width: 2.3%; font-weight: normal; vertical-align: middle; color: rgb(82, 82, 82);"
                      >
                        <div
                          style="position: relative; z-index: 1;"
                        >
                          <div />
                        </div>
                      </td>
                      <td
                        class=" square-bg-cell"
                        colspan="1"
                        rowspan="1"
                        style="text-align: center; width: 9.1%; font-weight: normal; --cell-bg: #ff9b9b; vertical-align: middle; color: black;"
                      >
                        <div
                          style="position: relative; z-index: 1;"
                        >
                          <div>
                            6.8
                          </div>
                        </div>
                      </td>
                      <td
                        class=" square-bg-cell"
                        colspan="1"
                        rowspan="1"
                        style="text-align: center; width: 9.1%; font-weight: normal; --cell-bg: #209020; vertical-align: middle; color: black;"
                      >
                        <div
                          style="position: relative; z-index: 1;"
                        >
                          <div>
                            10.6
                          </div>
                        </div>
                      </td>
                      <td
                        class=" square-bg-cell"
                        colspan="1"
                        rowspan="1"
                        style="text-align: center; width: 9.1%; font-weight: normal; --cell-bg: #008000; vertical-align: middle; color: black;"
                      >
                        <div
                          style="position: relative; z-index: 1;"
                        >
                          <div>
                            11.8
                          </div>
                        </div>
                      </td>
                      <td
                        class=" square-bg-cell"
                        colspan="1"
                        rowspan="1"
                        style="text-align: center; width: 2.3%; font-weight: normal; vertical-align: middle; color: rgb(82, 82, 82);"
                      >
                        <div
                          style="position: relative; z-index: 1;"
                        >
                          <div />
                        </div>
                      </td>
                      <td
                        class=" square-bg-cell"
                        colspan="1"
                        rowspan="1"
                        style="text-align: center; width: 9.1%; font-weight: normal; --cell-bg: #ff0000; vertical-align: middle; color: black;"
                      >
                        <div
                          style="position: relative; z-index: 1;"
                        >
                          <div>
                            33.0
                          </div>
                        </div>
                      </td>
                      <td
                        class=" square-bg-cell"
                        colspan="1"
                        rowspan="1"
                        style="text-align: center; width: 2.3%; font-weight: normal; vertical-align: middle; color: rgb(82, 82, 82);"
                      >
                        <div
                          style="position: relative; z-index: 1;"
                        >
                          <div />
                        </div>
                      </td>
                      <td
                        class=" square-bg-cell"
                        colspan="1"
                        rowspan="1"
                        style="text-align: center; width: 9.1%; font-weight: normal; vertical-align: middle; color: rgb(82, 82, 82);"
                      >
                        <div
                          style="position: relative; z-index: 1;"
                        >
                          <div />
                        </div>
                      </td>
                    </tr>
                  </tbody>
                </table>
              </div>
            </div>
          </div>
        </div>
      </div>
    </div>
  </span>
</DocumentFragment>
`;
